<html>
<body>
<pre>
<h1>µVision Build Log</h1>
<h2>Tool Versions:</h2>
IDE-Version: µVision V5.31.0.0
Copyright (C) 2020 ARM Ltd and ARM Germany GmbH. All rights reserved.
License Information: delaram ASUS, aut, LIC=VGXG8-36XVL-9UF4U-S0UJY-ST45F-PK3IA
 
Tool Versions:
Toolchain:       MDK-ARM Plus  Version: 5.31.0.0
Toolchain Path:  C:\Keil_v5\ARM\ARMCC\Bin
C Compiler:      Armcc.exe V5.06 update 6 (build 750)
Assembler:       Armasm.exe V5.06 update 6 (build 750)
Linker/Locator:  ArmLink.exe V5.06 update 6 (build 750)
Library Manager: ArmAr.exe V5.06 update 6 (build 750)
Hex Converter:   FromElf.exe V5.06 update 6 (build 750)
CPU DLL:         SARMCM3.DLL V5.31.0.0
Dialog DLL:      DCM.DLL V1.17.3.0
Target DLL:      STLink\ST-LINKIII-KEIL_SWO.dll V3.0.7.0
Dialog DLL:      TCM.DLL V1.46.0.0
 
<h2>Project:</h2>
C:\Users\ASUS\Desktop\job search\Infinera_demo\infineraDemo\MDK-ARM\infineraDemo.uvprojx
Project File Date:  07/19/2025

<h2>Output:</h2>
*** Using Compiler 'V5.06 update 6 (build 750)', folder: 'C:\Keil_v5\ARM\ARMCC\Bin'
Build target 'infineraDemo'
compiling main.c...
../Core/Src/main.c(77): warning:  #1295-D: Deprecated declaration get_data - give arg types
  void get_data();
../Core/Src/main.c(78): warning:  #1295-D: Deprecated declaration f - give arg types
  void f();
../Core/Src/main.c(294): warning:  #223-D: function "sscanf" declared implicitly
  	int cnt = sscanf((char*)rxData,"SENSORS,%d,%d,%d,%d!", &parameters[0], &parameters[1], &parameters[2], &parameters[3]);
../Core/Src/main.c(306): warning:  #223-D: function "sprintf" declared implicitly
  	sprintf((char*)txData, "Results: %d, %d, %d, %d!", results[0], results[1], results[2], results[3]);
../Core/Src/main.c(406): warning:  #223-D: function "sprintf" declared implicitly
  				sprintf((char*)txBuffer, "Ping: %d!", rand()%200+50);
../Core/Src/main.c(406): warning:  #223-D: function "rand" declared implicitly
  				sprintf((char*)txBuffer, "Ping: %d!", rand()%200+50);
../Core/Src/main.c: 6 warnings, 0 errors
linking...
Program Size: Code=15444 RO-data=876 RW-data=164 ZI-data=20772  
FromELF: creating hex file...
"infineraDemo\infineraDemo.axf" - 0 Error(s), 6 Warning(s).

<h2>Software Packages used:</h2>

Package Vendor: ARM
                http://www.keil.com/pack/ARM.CMSIS.5.7.0.pack
                ARM.CMSIS.5.7.0
                CMSIS (Cortex Microcontroller Software Interface Standard)
   * Component: CORE Version: 5.4.0

Package Vendor: Keil
                http://www.keil.com/pack/Keil.STM32F4xx_DFP.2.15.0.pack
                Keil.STM32F4xx_DFP.2.15.0
                STMicroelectronics STM32F4 Series Device Support, Drivers and Examples

<h2>Collection of Component include folders:</h2>
  .\RTE\_infineraDemo
  C:\Users\ASUS\AppData\Local\Arm\Packs\ARM\CMSIS\5.7.0\CMSIS\Core\Include
  C:\Users\ASUS\AppData\Local\Arm\Packs\Keil\STM32F4xx_DFP\2.15.0\Drivers\CMSIS\Device\ST\STM32F4xx\Include

<h2>Collection of Component Files used:</h2>

   * Component: ARM::CMSIS:CORE:5.4.0
      Include file:  CMSIS\Core\Include\tz_context.h
Build Time Elapsed:  00:00:10
</pre>
</body>
</html>
