Component: ARM Compiler 5.06 update 6 (build 750) Tool: armlink [4d35ed]

==============================================================================

Section Cross References

    startup_stm32f446xx.o(STACK) refers (Special) to heapauxi.o(.text) for __use_two_region_memory
    startup_stm32f446xx.o(HEAP) refers (Special) to heapauxi.o(.text) for __use_two_region_memory
    startup_stm32f446xx.o(RESET) refers (Special) to heapauxi.o(.text) for __use_two_region_memory
    startup_stm32f446xx.o(RESET) refers to startup_stm32f446xx.o(STACK) for __initial_sp
    startup_stm32f446xx.o(RESET) refers to startup_stm32f446xx.o(.text) for Reset_Handler
    startup_stm32f446xx.o(RESET) refers to stm32f4xx_it.o(i.NMI_Handler) for NMI_Handler
    startup_stm32f446xx.o(RESET) refers to stm32f4xx_it.o(i.HardFault_Handler) for HardFault_Handler
    startup_stm32f446xx.o(RESET) refers to stm32f4xx_it.o(i.MemManage_Handler) for MemManage_Handler
    startup_stm32f446xx.o(RESET) refers to stm32f4xx_it.o(i.BusFault_Handler) for BusFault_Handler
    startup_stm32f446xx.o(RESET) refers to stm32f4xx_it.o(i.UsageFault_Handler) for UsageFault_Handler
    startup_stm32f446xx.o(RESET) refers to port.o(.emb_text) for SVC_Handler
    startup_stm32f446xx.o(RESET) refers to stm32f4xx_it.o(i.DebugMon_Handler) for DebugMon_Handler
    startup_stm32f446xx.o(RESET) refers to stm32f4xx_it.o(i.SysTick_Handler) for SysTick_Handler
    startup_stm32f446xx.o(RESET) refers to stm32f4xx_it.o(i.USART2_IRQHandler) for USART2_IRQHandler
    startup_stm32f446xx.o(RESET) refers to stm32f4xx_it.o(i.EXTI15_10_IRQHandler) for EXTI15_10_IRQHandler
    startup_stm32f446xx.o(.text) refers (Special) to heapauxi.o(.text) for __use_two_region_memory
    startup_stm32f446xx.o(.text) refers to system_stm32f4xx.o(i.SystemInit) for SystemInit
    startup_stm32f446xx.o(.text) refers to __main.o(!!!main) for __main
    startup_stm32f446xx.o(.text) refers to startup_stm32f446xx.o(HEAP) for Heap_Mem
    startup_stm32f446xx.o(.text) refers to startup_stm32f446xx.o(STACK) for Stack_Mem
    main.o(i.HAL_GPIO_EXTI_Callback) refers to stm32f4xx_hal_uart.o(i.HAL_UART_Transmit) for HAL_UART_Transmit
    main.o(i.HAL_GPIO_EXTI_Callback) refers to main.o(.bss) for .bss
    main.o(i.HAL_UART_RxCpltCallback) refers to strcat.o(.text) for strcat
    main.o(i.HAL_UART_RxCpltCallback) refers to strchr.o(.text) for strchr
    main.o(i.HAL_UART_RxCpltCallback) refers to strcpy.o(.text) for strcpy
    main.o(i.HAL_UART_RxCpltCallback) refers to stm32f4xx_hal_uart.o(i.HAL_UART_Receive_IT) for HAL_UART_Receive_IT
    main.o(i.HAL_UART_RxCpltCallback) refers to main.o(.data) for .data
    main.o(i.HAL_UART_RxCpltCallback) refers to main.o(.bss) for .bss
    main.o(i.MX_GPIO_Init) refers to rt_memclr_w.o(.text) for __aeabi_memclr4
    main.o(i.MX_GPIO_Init) refers to stm32f4xx_hal_gpio.o(i.HAL_GPIO_WritePin) for HAL_GPIO_WritePin
    main.o(i.MX_GPIO_Init) refers to stm32f4xx_hal_gpio.o(i.HAL_GPIO_Init) for HAL_GPIO_Init
    main.o(i.MX_GPIO_Init) refers to stm32f4xx_hal_cortex.o(i.HAL_NVIC_SetPriority) for HAL_NVIC_SetPriority
    main.o(i.MX_GPIO_Init) refers to stm32f4xx_hal_cortex.o(i.HAL_NVIC_EnableIRQ) for HAL_NVIC_EnableIRQ
    main.o(i.StartDefaultTask) refers to stm32f4xx_hal_uart.o(i.HAL_UART_Transmit) for HAL_UART_Transmit
    main.o(i.StartDefaultTask) refers to cmsis_os2.o(i.osDelay) for osDelay
    main.o(i.StartDefaultTask) refers to main.o(.bss) for .bss
    main.o(i.StartTask02) refers to _printf_percent.o(.ARM.Collect$$_printf_percent$$00000000) for _printf_percent
    main.o(i.StartTask02) refers to _printf_d.o(.ARM.Collect$$_printf_percent$$00000009) for _printf_d
    main.o(i.StartTask02) refers to _printf_dec.o(.text) for _printf_int_dec
    main.o(i.StartTask02) refers to strstr.o(.text) for strstr
    main.o(i.StartTask02) refers to stm32f4xx_hal_uart.o(i.HAL_UART_Transmit) for HAL_UART_Transmit
    main.o(i.StartTask02) refers to stm32f4xx_hal_gpio.o(i.HAL_GPIO_TogglePin) for HAL_GPIO_TogglePin
    main.o(i.StartTask02) refers to stm32f4xx_hal.o(i.HAL_Delay) for HAL_Delay
    main.o(i.StartTask02) refers to cmsis_os2.o(i.osDelay) for osDelay
    main.o(i.StartTask02) refers to rand.o(.emb_text) for rand
    main.o(i.StartTask02) refers to noretval__2sprintf.o(.text) for __2sprintf
    main.o(i.StartTask02) refers to strlen.o(.text) for strlen
    main.o(i.StartTask02) refers to main.o(i.get_data) for get_data
    main.o(i.StartTask02) refers to main.o(i.f) for f
    main.o(i.StartTask02) refers to main.o(.data) for .data
    main.o(i.StartTask02) refers to main.o(.bss) for .bss
    main.o(i.SystemClock_Config) refers to rt_memclr_w.o(.text) for __aeabi_memclr4
    main.o(i.SystemClock_Config) refers to stm32f4xx_hal_rcc_ex.o(i.HAL_RCC_OscConfig) for HAL_RCC_OscConfig
    main.o(i.SystemClock_Config) refers to stm32f4xx_hal_rcc.o(i.HAL_RCC_ClockConfig) for HAL_RCC_ClockConfig
[...]
    i.HAL_RCC_GetSysClockFreq                0x080015cc   Section        0  stm32f4xx_hal_rcc_ex.o(i.HAL_RCC_GetSysClockFreq)
    i.HAL_RCC_OscConfig                      0x08001664   Section        0  stm32f4xx_hal_rcc_ex.o(i.HAL_RCC_OscConfig)
    i.HAL_SYSTICK_Config                     0x080019fc   Section        0  stm32f4xx_hal_cortex.o(i.HAL_SYSTICK_Config)
    i.HAL_UARTEx_RxEventCallback             0x08001a24   Section        0  stm32f4xx_hal_uart.o(i.HAL_UARTEx_RxEventCallback)
    i.HAL_UART_ErrorCallback                 0x08001a26   Section        0  stm32f4xx_hal_uart.o(i.HAL_UART_ErrorCallback)
    i.HAL_UART_IRQHandler                    0x08001a28   Section        0  stm32f4xx_hal_uart.o(i.HAL_UART_IRQHandler)
    i.HAL_UART_Init                          0x08001ca8   Section        0  stm32f4xx_hal_uart.o(i.HAL_UART_Init)
    i.HAL_UART_MspInit                       0x08001d0c   Section        0  stm32f4xx_hal_msp.o(i.HAL_UART_MspInit)
    i.HAL_UART_Receive_IT                    0x08001d84   Section        0  stm32f4xx_hal_uart.o(i.HAL_UART_Receive_IT)
    i.HAL_UART_RxCpltCallback                0x08001da0   Section        0  main.o(i.HAL_UART_RxCpltCallback)
    i.HAL_UART_Transmit                      0x08001dfc   Section        0  stm32f4xx_hal_uart.o(i.HAL_UART_Transmit)
    i.HAL_UART_TxCpltCallback                0x08001e9c   Section        0  stm32f4xx_hal_uart.o(i.HAL_UART_TxCpltCallback)
    i.HardFault_Handler                      0x08001e9e   Section        0  stm32f4xx_it.o(i.HardFault_Handler)
    i.MX_GPIO_Init                           0x08001ea0   Section        0  main.o(i.MX_GPIO_Init)
    MX_GPIO_Init                             0x08001ea1   Thumb Code   138  main.o(i.MX_GPIO_Init)
    i.MemManage_Handler                      0x08001f38   Section        0  stm32f4xx_it.o(i.MemManage_Handler)
    i.NMI_Handler                            0x08001f3a   Section        0  stm32f4xx_it.o(i.NMI_Handler)
    i.StartDefaultTask                       0x08001f3c   Section        0  main.o(i.StartDefaultTask)
    i.StartTask02                            0x08001fb0   Section        0  main.o(i.StartTask02)
    i.SysTick_Handler                        0x08002158   Section        0  stm32f4xx_it.o(i.SysTick_Handler)
    i.SystemClock_Config                     0x08002170   Section        0  main.o(i.SystemClock_Config)
    i.SystemInit                             0x08002204   Section        0  system_stm32f4xx.o(i.SystemInit)
    i.UART_DMAAbortOnError                   0x08002214   Section        0  stm32f4xx_hal_uart.o(i.UART_DMAAbortOnError)
    UART_DMAAbortOnError                     0x08002215   Thumb Code    14  stm32f4xx_hal_uart.o(i.UART_DMAAbortOnError)
    i.UART_EndRxTransfer                     0x08002222   Section        0  stm32f4xx_hal_uart.o(i.UART_EndRxTransfer)
    UART_EndRxTransfer                       0x08002223   Thumb Code    78  stm32f4xx_hal_uart.o(i.UART_EndRxTransfer)
    i.UART_Receive_IT                        0x08002270   Section        0  stm32f4xx_hal_uart.o(i.UART_Receive_IT)
    UART_Receive_IT                          0x08002271   Thumb Code   194  stm32f4xx_hal_uart.o(i.UART_Receive_IT)
    i.UART_SetConfig                         0x08002334   Section        0  stm32f4xx_hal_uart.o(i.UART_SetConfig)
    UART_SetConfig                           0x08002335   Thumb Code   258  stm32f4xx_hal_uart.o(i.UART_SetConfig)
    i.UART_Start_Receive_IT                  0x08002440   Section        0  stm32f4xx_hal_uart.o(i.UART_Start_Receive_IT)
    i.UART_WaitOnFlagUntilTimeout            0x08002476   Section        0  stm32f4xx_hal_uart.o(i.UART_WaitOnFlagUntilTimeout)
    UART_WaitOnFlagUntilTimeout              0x08002477   Thumb Code   114  stm32f4xx_hal_uart.o(i.UART_WaitOnFlagUntilTimeout)
    i.USART2_IRQHandler                      0x080024e8   Section        0  stm32f4xx_it.o(i.USART2_IRQHandler)
    i.UsageFault_Handler                     0x080024f4   Section        0  stm32f4xx_it.o(i.UsageFault_Handler)
    i.__NVIC_SetPriority                     0x080024f6   Section        0  stm32f4xx_hal_cortex.o(i.__NVIC_SetPriority)
    __NVIC_SetPriority                       0x080024f7   Thumb Code    32  stm32f4xx_hal_cortex.o(i.__NVIC_SetPriority)
    i.f                                      0x08002518   Section        0  main.o(i.f)
    i.get_data                               0x08002560   Section        0  main.o(i.get_data)
    i.main                                   0x08002598   Section        0  main.o(i.main)
    i.osDelay                                0x08002614   Section        0  cmsis_os2.o(i.osDelay)
    i.osKernelInitialize                     0x08002630   Section        0  cmsis_os2.o(i.osKernelInitialize)
    i.osKernelStart                          0x08002654   Section        0  cmsis_os2.o(i.osKernelStart)
    i.osThreadNew                            0x0800268c   Section        0  cmsis_os2.o(i.osThreadNew)
    i.prvAddCurrentTaskToDelayedList         0x08002718   Section        0  tasks.o(i.prvAddCurrentTaskToDelayedList)
    prvAddCurrentTaskToDelayedList           0x08002719   Thumb Code    84  tasks.o(i.prvAddCurrentTaskToDelayedList)
    i.prvAddNewTaskToReadyList               0x08002774   Section        0  tasks.o(i.prvAddNewTaskToReadyList)
    prvAddNewTaskToReadyList                 0x08002775   Thumb Code   190  tasks.o(i.prvAddNewTaskToReadyList)
    i.prvCheckForValidListAndQueue           0x08002844   Section        0  timers.o(i.prvCheckForValidListAndQueue)
    prvCheckForValidListAndQueue             0x08002845   Thumb Code    72  timers.o(i.prvCheckForValidListAndQueue)
    i.prvCopyDataFromQueue                   0x0800289c   Section        0  queue.o(i.prvCopyDataFromQueue)
    prvCopyDataFromQueue                     0x0800289d   Thumb Code    38  queue.o(i.prvCopyDataFromQueue)
    i.prvCopyDataToQueue                     0x080028c2   Section        0  queue.o(i.prvCopyDataToQueue)
    prvCopyDataToQueue                       0x080028c3   Thumb Code   108  queue.o(i.prvCopyDataToQueue)
    i.prvDeleteTCB                           0x0800292e   Section        0  tasks.o(i.prvDeleteTCB)
    prvDeleteTCB                             0x0800292f   Thumb Code    52  tasks.o(i.prvDeleteTCB)
    i.prvHeapInit                            0x08002964   Section        0  heap_4.o(i.prvHeapInit)
    prvHeapInit                              0x08002965   Thumb Code    66  heap_4.o(i.prvHeapInit)
    i.prvIdleTask                            0x080029b0   Section        0  tasks.o(i.prvIdleTask)
    prvIdleTask                              0x080029b1   Thumb Code    82  tasks.o(i.prvIdleTask)
    i.prvInitialiseNewQueue                  0x08002a10   Section        0  queue.o(i.prvInitialiseNewQueue)
    prvInitialiseNewQueue                    0x08002a11   Thumb Code    34  queue.o(i.prvInitialiseNewQueue)
    i.prvInitialiseNewTask                   0x08002a34   Section        0  tasks.o(i.prvInitialiseNewTask)
    prvInitialiseNewTask                     0x08002a35   Thumb Code   176  tasks.o(i.prvInitialiseNewTask)
    i.prvInsertBlockIntoFreeList             0x08002ae4   Section        0  heap_4.o(i.prvInsertBlockIntoFreeList)
    prvInsertBlockIntoFreeList               0x08002ae5   Thumb Code    72  heap_4.o(i.prvInsertBlockIntoFreeList)
    i.prvInsertTimerInActiveList             0x08002b30   Section        0  timers.o(i.prvInsertTimerInActiveList)
    prvInsertTimerInActiveList               0x08002b31   Thumb Code    52  timers.o(i.prvInsertTimerInActiveList)
    i.prvIsQueueEmpty                        0x08002b68   Section        0  queue.o(i.prvIsQueueEmpty)
    prvIsQueueEmpty                          0x08002b69   Thumb Code    28  queue.o(i.prvIsQueueEmpty)
    i.prvProcessReceivedCommands             0x08002b84   Section        0  timers.o(i.prvProcessReceivedCommands)
    prvProcessReceivedCommands               0x08002b85   Thumb Code   248  timers.o(i.prvProcessReceivedCommands)
    i.prvProcessTimerOrBlockTask             0x08002c80   Section        0  timers.o(i.prvProcessTimerOrBlockTask)
    prvProcessTimerOrBlockTask               0x08002c81   Thumb Code   182  timers.o(i.prvProcessTimerOrBlockTask)
    i.prvResetNextTaskUnblockTime            0x08002d40   Section        0  tasks.o(i.prvResetNextTaskUnblockTime)
    prvResetNextTaskUnblockTime              0x08002d41   Thumb Code    26  tasks.o(i.prvResetNextTaskUnblockTime)
    i.prvSampleTimeNow                       0x08002d60   Section        0  timers.o(i.prvSampleTimeNow)
    prvSampleTimeNow                         0x08002d61   Thumb Code    36  timers.o(i.prvSampleTimeNow)
    i.prvSwitchTimerLists                    0x08002d88   Section        0  timers.o(i.prvSwitchTimerLists)
    prvSwitchTimerLists                      0x08002d89   Thumb Code   104  timers.o(i.prvSwitchTimerLists)
    i.prvTaskExitError                       0x08002df4   Section        0  port.o(i.prvTaskExitError)
    prvTaskExitError                         0x08002df5   Thumb Code    36  port.o(i.prvTaskExitError)
    i.prvTimerTask                           0x08002e1c   Section        0  timers.o(i.prvTimerTask)
    prvTimerTask                             0x08002e1d   Thumb Code    32  timers.o(i.prvTimerTask)
    i.prvUnlockQueue                         0x08002e40   Section        0  queue.o(i.prvUnlockQueue)
    prvUnlockQueue                           0x08002e41   Thumb Code   106  queue.o(i.prvUnlockQueue)
    i.pvPortMalloc                           0x08002eac   Section        0  heap_4.o(i.pvPortMalloc)
    i.pxPortInitialiseStack                  0x08002f88   Section        0  port.o(i.pxPortInitialiseStack)
    i.uxListRemove                           0x08002fb4   Section        0  list.o(i.uxListRemove)
    i.vApplicationGetIdleTaskMemory          0x08002fdc   Section        0  cmsis_os2.o(i.vApplicationGetIdleTaskMemory)
    i.vApplicationGetTimerTaskMemory         0x08002ff0   Section        0  cmsis_os2.o(i.vApplicationGetTimerTaskMemory)
    i.vListInitialise                        0x08003008   Section        0  list.o(i.vListInitialise)
    i.vListInitialiseItem                    0x0800301e   Section        0  list.o(i.vListInitialiseItem)
    i.vListInsert                            0x08003024   Section        0  list.o(i.vListInsert)
    i.vListInsertEnd                         0x08003054   Section        0  list.o(i.vListInsertEnd)
    i.vPortEnterCritical                     0x0800306c   Section        0  port.o(i.vPortEnterCritical)
    i.vPortExitCritical                      0x080030ac   Section        0  port.o(i.vPortExitCritical)
    i.vPortFree                              0x080030d4   Section        0  heap_4.o(i.vPortFree)
    i.vPortSetupTimerInterrupt               0x08003138   Section        0  port.o(i.vPortSetupTimerInterrupt)
    i.vPortValidateInterruptPriority         0x0800315c   Section        0  port.o(i.vPortValidateInterruptPriority)
    i.vQueueAddToRegistry                    0x080031b0   Section        0  queue.o(i.vQueueAddToRegistry)
    i.vQueueWaitForMessageRestricted         0x080031d8   Section        0  queue.o(i.vQueueWaitForMessageRestricted)
    i.vTaskDelay                             0x0800321c   Section        0  tasks.o(i.vTaskDelay)
    i.vTaskInternalSetTimeOutState           0x08003268   Section        0  tasks.o(i.vTaskInternalSetTimeOutState)
    i.vTaskMissedYield                       0x08003278   Section        0  tasks.o(i.vTaskMissedYield)
    i.vTaskPlaceOnEventList                  0x08003284   Section        0  tasks.o(i.vTaskPlaceOnEventList)
    i.vTaskPlaceOnEventListRestricted        0x080032b4   Section        0  tasks.o(i.vTaskPlaceOnEventListRestricted)
    i.vTaskStartScheduler                    0x080032ec   Section        0  tasks.o(i.vTaskStartScheduler)
    i.vTaskSuspendAll                        0x08003374   Section        0  tasks.o(i.vTaskSuspendAll)
    i.vTaskSwitchContext                     0x08003384   Section        0  tasks.o(i.vTaskSwitchContext)
    i.xPortStartScheduler                    0x080033e8   Section        0  port.o(i.xPortStartScheduler)
    i.xPortSysTickHandler                    0x080034dc   Section        0  port.o(i.xPortSysTickHandler)
    i.xQueueGenericCreateStatic              0x08003508   Section        0  queue.o(i.xQueueGenericCreateStatic)
    i.xQueueGenericReset                     0x08003570   Section        0  queue.o(i.xQueueGenericReset)
    i.xQueueGenericSend                      0x080035f8   Section        0  queue.o(i.xQueueGenericSend)
    i.xQueueGenericSendFromISR               0x08003758   Section        0  queue.o(i.xQueueGenericSendFromISR)
    i.xQueueReceive                          0x08003818   Section        0  queue.o(i.xQueueReceive)
    i.xTaskCheckForTimeOut                   0x08003950   Section        0  tasks.o(i.xTaskCheckForTimeOut)
    i.xTaskCreate                            0x080039c4   Section        0  tasks.o(i.xTaskCreate)
    i.xTaskCreateStatic                      0x08003a1e   Section        0  tasks.o(i.xTaskCreateStatic)
    i.xTaskGetSchedulerState                 0x08003a74   Section        0  tasks.o(i.xTaskGetSchedulerState)
    i.xTaskGetTickCount                      0x08003a90   Section        0  tasks.o(i.xTaskGetTickCount)
    i.xTaskIncrementTick                     0x08003a9c   Section        0  tasks.o(i.xTaskIncrementTick)
    i.xTaskPriorityDisinherit                0x08003b64   Section        0  tasks.o(i.xTaskPriorityDisinherit)
    i.xTaskRemoveFromEventList               0x08003be4   Section        0  tasks.o(i.xTaskRemoveFromEventList)
    i.xTaskResumeAll                         0x08003c54   Section        0  tasks.o(i.xTaskResumeAll)
    i.xTimerCreateTimerTask                  0x08003d18   Section        0  timers.o(i.xTimerCreateTimerTask)
    i.xTimerGenericCommand                   0x08003d78   Section        0  timers.o(i.xTimerGenericCommand)
    locale$$code                             0x08003de0   Section       44  lc_ctype_c.o(locale$$code)
    x$fpl$fpinit                             0x08003e0c   Section       10  fpinit.o(x$fpl$fpinit)
    $v0                                      0x08003e0c   Number         0  fpinit.o(x$fpl$fpinit)
    .constdata                               0x08003e18   Section       72  main.o(.constdata)
    .constdata                               0x08003e60   Section       16  system_stm32f4xx.o(.constdata)
    .constdata                               0x08003e70   Section        8  system_stm32f4xx.o(.constdata)
    .conststring                             0x08003e78   Section       24  main.o(.conststring)
    locale$$data                             0x08003eb0   Section      272  lc_ctype_c.o(locale$$data)
    __lcctype_c_name                         0x08003eb4   Data           2  lc_ctype_c.o(locale$$data)
    __lcctype_c_start                        0x08003ebc   Data           0  lc_ctype_c.o(locale$$data)
    __lcctype_c_end                          0x08003fc0   Data           0  lc_ctype_c.o(locale$$data)
    .data                                    0x20000000   Section       20  main.o(.data)
    .data                                    0x20000014   Section       12  stm32f4xx_hal.o(.data)
    .data                                    0x20000020   Section        4  system_stm32f4xx.o(.data)
    .data                                    0x20000024   Section       60  tasks.o(.data)
    uxDeletedTasksWaitingCleanUp             0x20000028   Data           4  tasks.o(.data)
    uxCurrentNumberOfTasks                   0x2000002c   Data           4  tasks.o(.data)
    xTickCount                               0x20000030   Data           4  tasks.o(.data)
    uxTopReadyPriority                       0x20000034   Data           4  tasks.o(.data)
    xSchedulerRunning                        0x20000038   Data           4  tasks.o(.data)
    xPendedTicks                             0x2000003c   Data           4  tasks.o(.data)
    xYieldPending                            0x20000040   Data           4  tasks.o(.data)
    xNumOfOverflows                          0x20000044   Data           4  tasks.o(.data)
    uxTaskNumber                             0x20000048   Data           4  tasks.o(.data)
    xNextTaskUnblockTime                     0x2000004c   Data           4  tasks.o(.data)
    xIdleTaskHandle                          0x20000050   Data           4  tasks.o(.data)
    uxSchedulerSuspended                     0x20000054   Data           4  tasks.o(.data)
    pxDelayedTaskList                        0x20000058   Data           4  tasks.o(.data)
    pxOverflowDelayedTaskList                0x2000005c   Data           4  tasks.o(.data)
    .data                                    0x20000060   Section       20  timers.o(.data)
    xTimerQueue                              0x20000060   Data           4  timers.o(.data)
    xTimerTaskHandle                         0x20000064   Data           4  timers.o(.data)
    xLastTime                                0x20000068   Data           4  timers.o(.data)
    pxCurrentTimerList                       0x2000006c   Data           4  timers.o(.data)
    pxOverflowTimerList                      0x20000070   Data           4  timers.o(.data)
    .data                                    0x20000074   Section        4  cmsis_os2.o(.data)
    KernelState                              0x20000074   Data           4  cmsis_os2.o(.data)
    .data                                    0x20000078   Section       32  heap_4.o(.data)
    pxEnd                                    0x20000078   Data           4  heap_4.o(.data)
    xFreeBytesRemaining                      0x2000007c   Data           4  heap_4.o(.data)
    xMinimumEverFreeBytesRemaining           0x20000080   Data           4  heap_4.o(.data)
    xNumberOfSuccessfulAllocations           0x20000084   Data           4  heap_4.o(.data)
    xNumberOfSuccessfulFrees                 0x20000088   Data           4  heap_4.o(.data)
    xBlockAllocatedBit                       0x2000008c   Data           4  heap_4.o(.data)
    xStart                                   0x20000090   Data           8  heap_4.o(.data)
    .data                                    0x20000098   Section       12  port.o(.data)
    ucMaxSysCallPriority                     0x20000098   Data           1  port.o(.data)
    uxCriticalNesting                        0x2000009c   Data           4  port.o(.data)
    ulMaxPRIGROUPValue                       0x200000a0   Data           4  port.o(.data)
    .bss                                     0x200000a4   Section      264  main.o(.bss)
    .bss                                     0x200001ac   Section       64  queue.o(.bss)
    .bss                                     0x200001ec   Section     1220  tasks.o(.bss)
    pxReadyTasksLists                        0x200001ec   Data        1120  tasks.o(.bss)
    xDelayedTaskList1                        0x2000064c   Data          20  tasks.o(.bss)
    xDelayedTaskList2                        0x20000660   Data          20  tasks.o(.bss)
    xPendingReadyList                        0x20000674   Data          20  tasks.o(.bss)
    xTasksWaitingTermination                 0x20000688   Data          20  tasks.o(.bss)
    xSuspendedTaskList                       0x2000069c   Data          20  tasks.o(.bss)
    .bss                                     0x200006b0   Section      280  timers.o(.bss)
    xStaticTimerQueue                        0x200006b0   Data          80  timers.o(.bss)
    ucStaticTimerQueueStorage                0x20000700   Data         160  timers.o(.bss)
    xActiveTimerList1                        0x200007a0   Data          20  timers.o(.bss)
    xActiveTimerList2                        0x200007b4   Data          20  timers.o(.bss)
    .bss                                     0x200007c8   Section     1720  cmsis_os2.o(.bss)
    Idle_TCB                                 0x200007c8   Data          92  cmsis_os2.o(.bss)
    Idle_Stack                               0x20000824   Data         512  cmsis_os2.o(.bss)
    Timer_TCB                                0x20000a24   Data          92  cmsis_os2.o(.bss)
    Timer_Stack                              0x20000a80   Data        1024  cmsis_os2.o(.bss)
    .bss                                     0x20000e80   Section    15360  heap_4.o(.bss)
    ucHeap                                   0x20000e80   Data       15360  heap_4.o(.bss)
    .bss                                     0x20004a80   Section      228  rand.o(.bss)
    .bss                                     0x20004b64   Section       96  libspace.o(.bss)
    HEAP                                     0x20004bc8   Section      512  startup_stm32f446xx.o(HEAP)
    Heap_Mem                                 0x20004bc8   Data         512  startup_stm32f446xx.o(HEAP)
    STACK                                    0x20004dc8   Section     1024  startup_stm32f446xx.o(STACK)
    Stack_Mem                                0x20004dc8   Data        1024  startup_stm32f446xx.o(STACK)
    __initial_sp                             0x200051c8   Data           0  startup_stm32f446xx.o(STACK)

    Global Symbols

    Symbol Name                              Value     Ov Type        Size  Object(Section)

    BuildAttributes$$THM_ISAv4$E$P$D$K$B$S$7EM$VFPi3$EXTD16$VFPS$VFMA$PE$A:L22UL41UL21$X:L11$S22US41US21$IEEE1$IW$USESV6$~STKCKD$USESV7$~SHL$OSPACE$ROPI$EBA8$UX$STANDARDLIB$REQ8$PRES8$EABIv2 0x00000000   Number         0  anon$$obj.o ABSOLUTE
    __ARM_use_no_argv                        0x00000000   Number         0  main.o ABSOLUTE
    __ARM_exceptions_init                     - Undefined Weak Reference
    __alloca_initialize                       - Undefined Weak Reference
    __arm_preinit_                            - Undefined Weak Reference
    __cpp_initialize__aeabi_                  - Undefined Weak Reference
    __cxa_finalize                            - Undefined Weak Reference
    __sigvec_lookup                           - Undefined Weak Reference
    _atexit_init                              - Undefined Weak Reference
    _call_atexit_fns                          - Undefined Weak Reference
    _clock_init                               - Undefined Weak Reference
    _fp_trap_init                             - Undefined Weak Reference
    _fp_trap_shutdown                         - Undefined Weak Reference
    _get_lc_collate                           - Undefined Weak Reference
    _get_lc_monetary                          - Undefined Weak Reference
    _get_lc_numeric                           - Undefined Weak Reference
    _get_lc_time                              - Undefined Weak Reference
    _getenv_init                              - Undefined Weak Reference
    _handle_redirection                       - Undefined Weak Reference
    _init_alloc                               - Undefined Weak Reference
    _init_user_alloc                          - Undefined Weak Reference
    _initio                                   - Undefined Weak Reference
    _printf_post_padding                      - Undefined Weak Reference
    _printf_pre_padding                       - Undefined Weak Reference
    _printf_truncate_signed                   - Undefined Weak Reference
    _printf_truncate_unsigned                 - Undefined Weak Reference
    _scanf_longlong                           - Undefined Weak Reference
    _scanf_mbtowc                             - Undefined Weak Reference
    _scanf_real                               - Undefined Weak Reference
    _scanf_string                             - Undefined Weak Reference
    _scanf_wctomb                             - Undefined Weak Reference
    _scanf_wstring                            - Undefined Weak Reference
    _signal_finish                            - Undefined Weak Reference
    _signal_init                              - Undefined Weak Reference
    _terminate_alloc                          - Undefined Weak Reference
    _terminate_user_alloc                     - Undefined Weak Reference
    _terminateio                              - Undefined Weak Reference
    __Vectors_Size                           0x000001c4   Number         0  startup_stm32f446xx.o ABSOLUTE
    __Vectors                                0x08000000   Data           4  startup_stm32f446xx.o(RESET)
    __Vectors_End                            0x080001c4   Data           0  startup_stm32f446xx.o(RESET)
    __main                                   0x080001c5   Thumb Code     8  __main.o(!!!main)
    __scatterload                            0x080001cd   Thumb Code     0  __scatter.o(!!!scatter)
    __scatterload_rt2                        0x080001cd   Thumb Code    44  __scatter.o(!!!scatter)
    __scatterload_rt2_thumb_only             0x080001cd   Thumb Code     0  __scatter.o(!!!scatter)
    __scatterload_null                       0x080001db   Thumb Code     0  __scatter.o(!!!scatter)
    __scatterload_copy                       0x08000201   Thumb Code    26  __scatter_copy.o(!!handler_copy)
    __scatterload_zeroinit                   0x0800021d   Thumb Code    28  __scatter_zi.o(!!handler_zi)
    _printf_d                                0x08000239   Thumb Code     0  _printf_d.o(.ARM.Collect$$_printf_percent$$00000009)
    _printf_percent                          0x08000239   Thumb Code     0  _printf_percent.o(.ARM.Collect$$_printf_percent$$00000000)
    _printf_percent_end                      0x0800023f   Thumb Code     0  _printf_percent_end.o(.ARM.Collect$$_printf_percent$$00000017)
    __rt_lib_init                            0x08000243   Thumb Code     0  libinit.o(.ARM.Collect$$libinit$$00000000)
    __rt_lib_init_fp_1                       0x08000245   Thumb Code     0  libinit2.o(.ARM.Collect$$libinit$$00000001)
    __rt_lib_init_heap_1                     0x08000249   Thumb Code     0  libinit2.o(.ARM.Collect$$libinit$$0000000A)
    __rt_lib_init_preinit_1                  0x08000249   Thumb Code     0  libinit2.o(.ARM.Collect$$libinit$$00000004)
    __rt_lib_init_rand_2                     0x08000249   Thumb Code     0  libinit2.o(.ARM.Collect$$libinit$$0000000D)
    __rt_lib_init_user_alloc_1               0x08000249   Thumb Code     0  libinit2.o(.ARM.Collect$$libinit$$0000000C)
    __rt_lib_init_lc_common                  0x0800024d   Thumb Code     0  libinit2.o(.ARM.Collect$$libinit$$0000000F)
    __rt_lib_init_rand_1                     0x0800024d   Thumb Code     0  libinit2.o(.ARM.Collect$$libinit$$0000000E)
    __rt_lib_init_lc_collate_1               0x08000253   Thumb Code     0  libinit2.o(.ARM.Collect$$libinit$$00000011)
    __rt_lib_init_lc_ctype_2                 0x08000253   Thumb Code     0  libinit2.o(.ARM.Collect$$libinit$$00000012)
    __rt_lib_init_alloca_1                   0x0800025f   Thumb Code     0  libinit2.o(.ARM.Collect$$libinit$$0000002E)
    __rt_lib_init_argv_1                     0x0800025f   Thumb Code     0  libinit2.o(.ARM.Collect$$libinit$$0000002C)
    __rt_lib_init_atexit_1                   0x0800025f   Thumb Code     0  libinit2.o(.ARM.Collect$$libinit$$0000001B)
    __rt_lib_init_clock_1                    0x0800025f   Thumb Code     0  libinit2.o(.ARM.Collect$$libinit$$00000021)
    __rt_lib_init_cpp_1                      0x0800025f   Thumb Code     0  libinit2.o(.ARM.Collect$$libinit$$00000032)
    __rt_lib_init_exceptions_1               0x0800025f   Thumb Code     0  libinit2.o(.ARM.Collect$$libinit$$00000030)
    __rt_lib_init_fp_trap_1                  0x0800025f   Thumb Code     0  libinit2.o(.ARM.Collect$$libinit$$0000001F)
    __rt_lib_init_getenv_1                   0x0800025f   Thumb Code     0  libinit2.o(.ARM.Collect$$libinit$$00000023)
    __rt_lib_init_lc_ctype_1                 0x0800025f   Thumb Code     0  libinit2.o(.ARM.Collect$$libinit$$00000013)
    __rt_lib_init_lc_monetary_1              0x0800025f   Thumb Code     0  libinit2.o(.ARM.Collect$$libinit$$00000015)
    __rt_lib_init_lc_numeric_1               0x0800025f   Thumb Code     0  libinit2.o(.ARM.Collect$$libinit$$00000017)
    __rt_lib_init_lc_time_1                  0x0800025f   Thumb Code     0  libinit2.o(.ARM.Collect$$libinit$$00000019)
    __rt_lib_init_return                     0x0800025f   Thumb Code     0  libinit2.o(.ARM.Collect$$libinit$$00000033)
    __rt_lib_init_signal_1                   0x0800025f   Thumb Code     0  libinit2.o(.ARM.Collect$$libinit$$0000001D)
    __rt_lib_init_stdio_1                    0x0800025f   Thumb Code     0  libinit2.o(.ARM.Collect$$libinit$$00000025)
    __rt_lib_shutdown                        0x08000261   Thumb Code     0  libshutdown.o(.ARM.Collect$$libshutdown$$00000000)
    __rt_lib_shutdown_cpp_1                  0x08000263   Thumb Code     0  libshutdown2.o(.ARM.Collect$$libshutdown$$00000002)
    __rt_lib_shutdown_fp_trap_1              0x08000263   Thumb Code     0  libshutdown2.o(.ARM.Collect$$libshutdown$$00000007)
    __rt_lib_shutdown_heap_1                 0x08000263   Thumb Code     0  libshutdown2.o(.ARM.Collect$$libshutdown$$0000000F)
    __rt_lib_shutdown_return                 0x08000263   Thumb Code     0  libshutdown2.o(.ARM.Collect$$libshutdown$$00000010)
    __rt_lib_shutdown_signal_1               0x08000263   Thumb Code     0  libshutdown2.o(.ARM.Collect$$libshutdown$$0000000A)
    __rt_lib_shutdown_stdio_1                0x08000263   Thumb Code     0  libshutdown2.o(.ARM.Collect$$libshutdown$$00000004)
    __rt_lib_shutdown_user_alloc_1           0x08000263   Thumb Code     0  libshutdown2.o(.ARM.Collect$$libshutdown$$0000000C)
    __rt_entry                               0x08000265   Thumb Code     0  __rtentry.o(.ARM.Collect$$rtentry$$00000000)
    __rt_entry_presh_1                       0x08000265   Thumb Code     0  __rtentry2.o(.ARM.Collect$$rtentry$$00000002)
    __rt_entry_sh                            0x08000265   Thumb Code     0  __rtentry4.o(.ARM.Collect$$rtentry$$00000004)
    __rt_entry_li                            0x0800026b   Thumb Code     0  __rtentry2.o(.ARM.Collect$$rtentry$$0000000A)
    __rt_entry_postsh_1                      0x0800026b   Thumb Code     0  __rtentry2.o(.ARM.Collect$$rtentry$$00000009)
    __rt_entry_main                          0x0800026f   Thumb Code     0  __rtentry2.o(.ARM.Collect$$rtentry$$0000000D)
    __rt_entry_postli_1                      0x0800026f   Thumb Code     0  __rtentry2.o(.ARM.Collect$$rtentry$$0000000C)
    __rt_exit                                0x08000277   Thumb Code     0  rtexit.o(.ARM.Collect$$rtexit$$00000000)
    __rt_exit_ls                             0x08000279   Thumb Code     0  rtexit2.o(.ARM.Collect$$rtexit$$00000003)
    __rt_exit_prels_1                        0x08000279   Thumb Code     0  rtexit2.o(.ARM.Collect$$rtexit$$00000002)
    __rt_exit_exit                           0x0800027d   Thumb Code     0  rtexit2.o(.ARM.Collect$$rtexit$$00000004)
    SVC_Handler                              0x08000285   Thumb Code    28  port.o(.emb_text)
    __asm___6_port_c_39a90d8d__prvStartFirstTask 0x080002a5   Thumb Code    36  port.o(.emb_text)
    __asm___6_port_c_39a90d8d__prvEnableVFP  0x080002cd   Thumb Code    16  port.o(.emb_text)
    PendSV_Handler                           0x080002e1   Thumb Code    88  port.o(.emb_text)
    vPortGetIPSR                             0x0800033d   Thumb Code     6  port.o(.emb_text)
    rand                                     0x08000345   Thumb Code    48  rand.o(.emb_text)
    Reset_Handler                            0x08000379   Thumb Code     8  startup_stm32f446xx.o(.text)
    ADC_IRQHandler                           0x08000393   Thumb Code     0  startup_stm32f446xx.o(.text)
    CAN1_RX0_IRQHandler                      0x08000393   Thumb Code     0  startup_stm32f446xx.o(.text)
    CAN1_RX1_IRQHandler                      0x08000393   Thumb Code     0  startup_stm32f446xx.o(.text)
    CAN1_SCE_IRQHandler                      0x08000393   Thumb Code     0  startup_stm32f446xx.o(.text)
    CAN1_TX_IRQHandler                       0x08000393   Thumb Code     0  startup_stm32f446xx.o(.text)
    CAN2_RX0_IRQHandler                      0x08000393   Thumb Code     0  startup_stm32f446xx.o(.text)
    CAN2_RX1_IRQHandler                      0x08000393   Thumb Code     0  startup_stm32f446xx.o(.text)
    CAN2_SCE_IRQHandler                      0x08000393   Thumb Code     0  startup_stm32f446xx.o(.text)
    CAN2_TX_IRQHandler                       0x08000393   Thumb Code     0  startup_stm32f446xx.o(.text)
    CEC_IRQHandler                           0x08000393   Thumb Code     0  startup_stm32f446xx.o(.text)
    DCMI_IRQHandler                          0x08000393   Thumb Code     0  startup_stm32f446xx.o(.text)
    DMA1_Stream0_IRQHandler                  0x08000393   Thumb Code     0  startup_stm32f446xx.o(.text)
    DMA1_Stream1_IRQHandler                  0x08000393   Thumb Code     0  startup_stm32f446xx.o(.text)
    DMA1_Stream2_IRQHandler                  0x08000393   Thumb Code     0  startup_stm32f446xx.o(.text)
    DMA1_Stream3_IRQHandler                  0x08000393   Thumb Code     0  startup_stm32f446xx.o(.text)
    DMA1_Stream4_IRQHandler                  0x08000393   Thumb Code     0  startup_stm32f446xx.o(.text)
    DMA1_Stream5_IRQHandler                  0x08000393   Thumb Code     0  startup_stm32f446xx.o(.text)
    DMA1_Stream6_IRQHandler                  0x08000393   Thumb Code     0  startup_stm32f446xx.o(.text)
    DMA1_Stream7_IRQHandler                  0x08000393   Thumb Code     0  startup_stm32f446xx.o(.text)
    DMA2_Stream0_IRQHandler                  0x08000393   Thumb Code     0  startup_stm32f446xx.o(.text)
    DMA2_Stream1_IRQHandler                  0x08000393   Thumb Code     0  startup_stm32f446xx.o(.text)
    DMA2_Stream2_IRQHandler                  0x08000393   Thumb Code     0  startup_stm32f446xx.o(.text)
    DMA2_Stream3_IRQHandler                  0x08000393   Thumb Code     0  startup_stm32f446xx.o(.text)
    DMA2_Stream4_IRQHandler                  0x08000393   Thumb Code     0  startup_stm32f446xx.o(.text)
    DMA2_Stream5_IRQHandler                  0x08000393   Thumb Code     0  startup_stm32f446xx.o(.text)
    DMA2_Stream6_IRQHandler                  0x08000393   Thumb Code     0  startup_stm32f446xx.o(.text)
    DMA2_Stream7_IRQHandler                  0x08000393   Thumb Code     0  startup_stm32f446xx.o(.text)
    EXTI0_IRQHandler                         0x08000393   Thumb Code     0  startup_stm32f446xx.o(.text)
    EXTI1_IRQHandler                         0x08000393   Thumb Code     0  startup_stm32f446xx.o(.text)
    EXTI2_IRQHandler                         0x08000393   Thumb Code     0  startup_stm32f446xx.o(.text)
    EXTI3_IRQHandler                         0x08000393   Thumb Code     0  startup_stm32f446xx.o(.text)
    EXTI4_IRQHandler                         0x08000393   Thumb Code     0  startup_stm32f446xx.o(.text)
    EXTI9_5_IRQHandler                       0x08000393   Thumb Code     0  startup_stm32f446xx.o(.text)
    FLASH_IRQHandler                         0x08000393   Thumb Code     0  startup_stm32f446xx.o(.text)
    FMC_IRQHandler                           0x08000393   Thumb Code     0  startup_stm32f446xx.o(.text)
    FMPI2C1_ER_IRQHandler                    0x08000393   Thumb Code     0  startup_stm32f446xx.o(.text)
    FMPI2C1_EV_IRQHandler                    0x08000393   Thumb Code     0  startup_stm32f446xx.o(.text)
    FPU_IRQHandler                           0x08000393   Thumb Code     0  startup_stm32f446xx.o(.text)
    I2C1_ER_IRQHandler                       0x08000393   Thumb Code     0  startup_stm32f446xx.o(.text)
    I2C1_EV_IRQHandler                       0x08000393   Thumb Code     0  startup_stm32f446xx.o(.text)
    I2C2_ER_IRQHandler                       0x08000393   Thumb Code     0  startup_stm32f446xx.o(.text)
    I2C2_EV_IRQHandler                       0x08000393   Thumb Code     0  startup_stm32f446xx.o(.text)
    I2C3_ER_IRQHandler                       0x08000393   Thumb Code     0  startup_stm32f446xx.o(.text)
    I2C3_EV_IRQHandler                       0x08000393   Thumb Code     0  startup_stm32f446xx.o(.text)
    OTG_FS_IRQHandler                        0x08000393   Thumb Code     0  startup_stm32f446xx.o(.text)
    OTG_FS_WKUP_IRQHandler                   0x08000393   Thumb Code     0  startup_stm32f446xx.o(.text)
    OTG_HS_EP1_IN_IRQHandler                 0x08000393   Thumb Code     0  startup_stm32f446xx.o(.text)
    OTG_HS_EP1_OUT_IRQHandler                0x08000393   Thumb Code     0  startup_stm32f446xx.o(.text)
    OTG_HS_IRQHandler                        0x08000393   Thumb Code     0  startup_stm32f446xx.o(.text)
    OTG_HS_WKUP_IRQHandler                   0x08000393   Thumb Code     0  startup_stm32f446xx.o(.text)
    PVD_IRQHandler                           0x08000393   Thumb Code     0  startup_stm32f446xx.o(.text)
    QUADSPI_IRQHandler                       0x08000393   Thumb Code     0  startup_stm32f446xx.o(.text)
    RCC_IRQHandler                           0x08000393   Thumb Code     0  startup_stm32f446xx.o(.text)
    RTC_Alarm_IRQHandler                     0x08000393   Thumb Code     0  startup_stm32f446xx.o(.text)
    RTC_WKUP_IRQHandler                      0x08000393   Thumb Code     0  startup_stm32f446xx.o(.text)
    SAI1_IRQHandler                          0x08000393   Thumb Code     0  startup_stm32f446xx.o(.text)
    SAI2_IRQHandler                          0x08000393   Thumb Code     0  startup_stm32f446xx.o(.text)
    SDIO_IRQHandler                          0x08000393   Thumb Code     0  startup_stm32f446xx.o(.text)
    SPDIF_RX_IRQHandler                      0x08000393   Thumb Code     0  startup_stm32f446xx.o(.text)
    SPI1_IRQHandler                          0x08000393   Thumb Code     0  startup_stm32f446xx.o(.text)
    SPI2_IRQHandler                          0x08000393   Thumb Code     0  startup_stm32f446xx.o(.text)
    SPI3_IRQHandler                          0x08000393   Thumb Code     0  startup_stm32f446xx.o(.text)
    SPI4_IRQHandler                          0x08000393   Thumb Code     0  startup_stm32f446xx.o(.text)
    TAMP_STAMP_IRQHandler                    0x08000393   Thumb Code     0  startup_stm32f446xx.o(.text)
    TIM1_BRK_TIM9_IRQHandler                 0x08000393   Thumb Code     0  startup_stm32f446xx.o(.text)
    TIM1_CC_IRQHandler                       0x08000393   Thumb Code     0  startup_stm32f446xx.o(.text)
    TIM1_TRG_COM_TIM11_IRQHandler            0x08000393   Thumb Code     0  startup_stm32f446xx.o(.text)
    TIM1_UP_TIM10_IRQHandler                 0x08000393   Thumb Code     0  startup_stm32f446xx.o(.text)
    TIM2_IRQHandler                          0x08000393   Thumb Code     0  startup_stm32f446xx.o(.text)
    TIM3_IRQHandler                          0x08000393   Thumb Code     0  startup_stm32f446xx.o(.text)
    TIM4_IRQHandler                          0x08000393   Thumb Code     0  startup_stm32f446xx.o(.text)
    TIM5_IRQHandler                          0x08000393   Thumb Code     0  startup_stm32f446xx.o(.text)
    TIM6_DAC_IRQHandler                      0x08000393   Thumb Code     0  startup_stm32f446xx.o(.text)
    TIM7_IRQHandler                          0x08000393   Thumb Code     0  startup_stm32f446xx.o(.text)
    TIM8_BRK_TIM12_IRQHandler                0x08000393   Thumb Code     0  startup_stm32f446xx.o(.text)
    TIM8_CC_IRQHandler                       0x08000393   Thumb Code     0  startup_stm32f446xx.o(.text)
    TIM8_TRG_COM_TIM14_IRQHandler            0x08000393   Thumb Code     0  startup_stm32f446xx.o(.text)
    TIM8_UP_TIM13_IRQHandler                 0x08000393   Thumb Code     0  startup_stm32f446xx.o(.text)
    UART4_IRQHandler                         0x08000393   Thumb Code     0  startup_stm32f446xx.o(.text)
    UART5_IRQHandler                         0x08000393   Thumb Code     0  startup_stm32f446xx.o(.text)
    USART1_IRQHandler                        0x08000393   Thumb Code     0  startup_stm32f446xx.o(.text)
    USART3_IRQHandler                        0x08000393   Thumb Code     0  startup_stm32f446xx.o(.text)
    USART6_IRQHandler                        0x08000393   Thumb Code     0  startup_stm32f446xx.o(.text)
    WWDG_IRQHandler                          0x08000393   Thumb Code     0  startup_stm32f446xx.o(.text)
    __user_initial_stackheap                 0x08000395   Thumb Code     0  startup_stm32f446xx.o(.text)
    __aeabi_uldivmod                         0x080003b9   Thumb Code     0  lludivv7m.o(.text)
    _ll_udiv                                 0x080003b9   Thumb Code   238  lludivv7m.o(.text)
    __2sprintf                               0x080004a9   Thumb Code    34  noretval__2sprintf.o(.text)
    __printf                                 0x080004d1   Thumb Code   104  __printf.o(.text)
    _printf_int_dec                          0x08000539   Thumb Code   104  _printf_dec.o(.text)
    __0sscanf                                0x080005b1   Thumb Code    52  __0sscanf.o(.text)
    _scanf_int                               0x080005ed   Thumb Code   332  _scanf_int.o(.text)
    srand                                    0x08000739   Thumb Code    42  rand.o(.text)
    _rand_init                               0x08000763   Thumb Code     4  rand.o(.text)
    strchr                                   0x08000775   Thumb Code    20  strchr.o(.text)
    strstr                                   0x08000789   Thumb Code    36  strstr.o(.text)
    strcpy                                   0x080007ad   Thumb Code    72  strcpy.o(.text)
    strlen                                   0x080007f5   Thumb Code    62  strlen.o(.text)
    strcat                                   0x08000833   Thumb Code    24  strcat.o(.text)
    __aeabi_memcpy                           0x0800084b   Thumb Code     0  rt_memcpy_v6.o(.text)
    __rt_memcpy                              0x0800084b   Thumb Code   138  rt_memcpy_v6.o(.text)
    _memcpy_lastbytes                        0x080008b1   Thumb Code     0  rt_memcpy_v6.o(.text)
    __aeabi_memset                           0x080008d5   Thumb Code    16  aeabi_memset.o(.text)
    __aeabi_memclr4                          0x080008e5   Thumb Code     0  rt_memclr_w.o(.text)
    __aeabi_memclr8                          0x080008e5   Thumb Code     0  rt_memclr_w.o(.text)
    __rt_memclr_w                            0x080008e5   Thumb Code    78  rt_memclr_w.o(.text)
    _memset_w                                0x080008e9   Thumb Code     0  rt_memclr_w.o(.text)
    __use_two_region_memory                  0x08000933   Thumb Code     2  heapauxi.o(.text)
    __rt_heap_escrow$2region                 0x08000935   Thumb Code     2  heapauxi.o(.text)
    __rt_heap_expand$2region                 0x08000937   Thumb Code     2  heapauxi.o(.text)
    _printf_int_common                       0x08000939   Thumb Code   178  _printf_intcommon.o(.text)
    _printf_char_common                      0x080009f7   Thumb Code    32  _printf_char_common.o(.text)
    _sputc                                   0x08000a1d   Thumb Code    10  _sputc.o(.text)
    _chval                                   0x08000a27   Thumb Code    28  _chval.o(.text)
    __vfscanf_char                           0x08000a51   Thumb Code    24  scanf_char.o(.text)
    _sgetc                                   0x08000a71   Thumb Code    30  _sgetc.o(.text)
    _sbackspace                              0x08000a8f   Thumb Code    34  _sgetc.o(.text)
    __aeabi_memcpy4                          0x08000ab1   Thumb Code     0  rt_memcpy_w.o(.text)
    __aeabi_memcpy8                          0x08000ab1   Thumb Code     0  rt_memcpy_w.o(.text)
    __rt_memcpy_w                            0x08000ab1   Thumb Code   100  rt_memcpy_w.o(.text)
    _memcpy_lastbytes_aligned                0x08000af9   Thumb Code     0  rt_memcpy_w.o(.text)
    __aeabi_memclr                           0x08000b15   Thumb Code     0  rt_memclr.o(.text)
    __rt_memclr                              0x08000b15   Thumb Code    68  rt_memclr.o(.text)
    _memset                                  0x08000b19   Thumb Code     0  rt_memclr.o(.text)
    isspace                                  0x08000b59   Thumb Code    18  isspace.o(.text)
    __vfscanf                                0x08000b6d   Thumb Code   878  _scanf.o(.text)
    __user_setup_stackheap                   0x08000ee1   Thumb Code    74  sys_stackheap_outer.o(.text)
    __rt_ctype_table                         0x08000f2d   Thumb Code    16  rt_ctype_table.o(.text)
    exit                                     0x08000f3d   Thumb Code    18  exit.o(.text)
    __user_libspace                          0x08000f51   Thumb Code     8  libspace.o(.text)
    __user_perproc_libspace                  0x08000f51   Thumb Code     0  libspace.o(.text)
    __user_perthread_libspace                0x08000f51   Thumb Code     0  libspace.o(.text)
    __rt_locale                              0x08000f59   Thumb Code     8  rt_locale_intlibspace.o(.text)
    _sys_exit                                0x08000f61   Thumb Code     8  sys_exit.o(.text)
    __I$use$semihosting                      0x08000f6d   Thumb Code     0  use_no_semi.o(.text)
    __use_no_semihosting_swi                 0x08000f6d   Thumb Code     2  use_no_semi.o(.text)
    __semihosting_library_function           0x08000f6f   Thumb Code     0  indicate_semi.o(.text)
    strcmp                                   0x08000f71   Thumb Code   128  strcmpv7m.o(.text)
    BusFault_Handler                         0x08000ff1   Thumb Code     2  stm32f4xx_it.o(i.BusFault_Handler)
    DebugMon_Handler                         0x08000ff3   Thumb Code     2  stm32f4xx_it.o(i.DebugMon_Handler)
    EXTI15_10_IRQHandler                     0x08000ff5   Thumb Code     8  stm32f4xx_it.o(i.EXTI15_10_IRQHandler)
    HAL_DMA_Abort                            0x08000ffd   Thumb Code   146  stm32f4xx_hal_dma.o(i.HAL_DMA_Abort)
    HAL_DMA_Abort_IT                         0x0800108f   Thumb Code    36  stm32f4xx_hal_dma.o(i.HAL_DMA_Abort_IT)
    HAL_Delay                                0x080010b5   Thumb Code    32  stm32f4xx_hal.o(i.HAL_Delay)
    HAL_GPIO_EXTI_Callback                   0x080010d9   Thumb Code    20  main.o(i.HAL_GPIO_EXTI_Callback)
    HAL_GPIO_EXTI_IRQHandler                 0x08001101   Thumb Code    18  stm32f4xx_hal_gpio.o(i.HAL_GPIO_EXTI_IRQHandler)
    HAL_GPIO_Init                            0x08001119   Thumb Code   436  stm32f4xx_hal_gpio.o(i.HAL_GPIO_Init)
    HAL_GPIO_TogglePin                       0x080012f5   Thumb Code    16  stm32f4xx_hal_gpio.o(i.HAL_GPIO_TogglePin)
    HAL_GPIO_WritePin                        0x08001305   Thumb Code    10  stm32f4xx_hal_gpio.o(i.HAL_GPIO_WritePin)
    HAL_GetTick                              0x08001311   Thumb Code     6  stm32f4xx_hal.o(i.HAL_GetTick)
    HAL_IncTick                              0x0800131d   Thumb Code    12  stm32f4xx_hal.o(i.HAL_IncTick)
    HAL_Init                                 0x0800132d   Thumb Code    48  stm32f4xx_hal.o(i.HAL_Init)
    HAL_InitTick                             0x08001361   Thumb Code    54  stm32f4xx_hal.o(i.HAL_InitTick)
    HAL_MspInit                              0x080013a1   Thumb Code    52  stm32f4xx_hal_msp.o(i.HAL_MspInit)
    HAL_NVIC_EnableIRQ                       0x080013d9   Thumb Code    26  stm32f4xx_hal_cortex.o(i.HAL_NVIC_EnableIRQ)
    HAL_NVIC_SetPriority                     0x080013f5   Thumb Code    60  stm32f4xx_hal_cortex.o(i.HAL_NVIC_SetPriority)
    HAL_NVIC_SetPriorityGrouping             0x08001435   Thumb Code    26  stm32f4xx_hal_cortex.o(i.HAL_NVIC_SetPriorityGrouping)
    HAL_RCC_ClockConfig                      0x08001459   Thumb Code   288  stm32f4xx_hal_rcc.o(i.HAL_RCC_ClockConfig)
    HAL_RCC_GetPCLK1Freq                     0x0800158d   Thumb Code    20  stm32f4xx_hal_rcc.o(i.HAL_RCC_GetPCLK1Freq)
    HAL_RCC_GetPCLK2Freq                     0x080015ad   Thumb Code    20  stm32f4xx_hal_rcc.o(i.HAL_RCC_GetPCLK2Freq)
    HAL_RCC_GetSysClockFreq                  0x080015cd   Thumb Code   140  stm32f4xx_hal_rcc_ex.o(i.HAL_RCC_GetSysClockFreq)
    HAL_RCC_OscConfig                        0x08001665   Thumb Code   900  stm32f4xx_hal_rcc_ex.o(i.HAL_RCC_OscConfig)
    HAL_SYSTICK_Config                       0x080019fd   Thumb Code    40  stm32f4xx_hal_cortex.o(i.HAL_SYSTICK_Config)
    HAL_UARTEx_RxEventCallback               0x08001a25   Thumb Code     2  stm32f4xx_hal_uart.o(i.HAL_UARTEx_RxEventCallback)
    HAL_UART_ErrorCallback                   0x08001a27   Thumb Code     2  stm32f4xx_hal_uart.o(i.HAL_UART_ErrorCallback)
    HAL_UART_IRQHandler                      0x08001a29   Thumb Code   636  stm32f4xx_hal_uart.o(i.HAL_UART_IRQHandler)
    HAL_UART_Init                            0x08001ca9   Thumb Code   100  stm32f4xx_hal_uart.o(i.HAL_UART_Init)
    HAL_UART_MspInit                         0x08001d0d   Thumb Code   108  stm32f4xx_hal_msp.o(i.HAL_UART_MspInit)
    HAL_UART_Receive_IT                      0x08001d85   Thumb Code    28  stm32f4xx_hal_uart.o(i.HAL_UART_Receive_IT)
    HAL_UART_RxCpltCallback                  0x08001da1   Thumb Code    82  main.o(i.HAL_UART_RxCpltCallback)
    HAL_UART_Transmit                        0x08001dfd   Thumb Code   160  stm32f4xx_hal_uart.o(i.HAL_UART_Transmit)
    HAL_UART_TxCpltCallback                  0x08001e9d   Thumb Code     2  stm32f4xx_hal_uart.o(i.HAL_UART_TxCpltCallback)
    HardFault_Handler                        0x08001e9f   Thumb Code     2  stm32f4xx_it.o(i.HardFault_Handler)
    MemManage_Handler                        0x08001f39   Thumb Code     2  stm32f4xx_it.o(i.MemManage_Handler)
    NMI_Handler                              0x08001f3b   Thumb Code     2  stm32f4xx_it.o(i.NMI_Handler)
    StartDefaultTask                         0x08001f3d   Thumb Code    60  main.o(i.StartDefaultTask)
    StartTask02                              0x08001fb1   Thumb Code   258  main.o(i.StartTask02)
    SysTick_Handler                          0x08002159   Thumb Code    24  stm32f4xx_it.o(i.SysTick_Handler)
    SystemClock_Config                       0x08002171   Thumb Code   140  main.o(i.SystemClock_Config)
    SystemInit                               0x08002205   Thumb Code    12  system_stm32f4xx.o(i.SystemInit)
    UART_Start_Receive_IT                    0x08002441   Thumb Code    54  stm32f4xx_hal_uart.o(i.UART_Start_Receive_IT)
    USART2_IRQHandler                        0x080024e9   Thumb Code     6  stm32f4xx_it.o(i.USART2_IRQHandler)
    UsageFault_Handler                       0x080024f5   Thumb Code     2  stm32f4xx_it.o(i.UsageFault_Handler)
    f                                        0x08002519   Thumb Code    36  main.o(i.f)
    get_data                                 0x08002561   Thumb Code    24  main.o(i.get_data)
    main                                     0x08002599   Thumb Code   100  main.o(i.main)
    osDelay                                  0x08002615   Thumb Code    26  cmsis_os2.o(i.osDelay)
    osKernelInitialize                       0x08002631   Thumb Code    32  cmsis_os2.o(i.osKernelInitialize)
    osKernelStart                            0x08002655   Thumb Code    48  cmsis_os2.o(i.osKernelStart)
    osThreadNew                              0x0800268d   Thumb Code   138  cmsis_os2.o(i.osThreadNew)
    pvPortMalloc                             0x08002ead   Thumb Code   216  heap_4.o(i.pvPortMalloc)
    pxPortInitialiseStack                    0x08002f89   Thumb Code    40  port.o(i.pxPortInitialiseStack)
    uxListRemove                             0x08002fb5   Thumb Code    38  list.o(i.uxListRemove)
    vApplicationGetIdleTaskMemory            0x08002fdd   Thumb Code    16  cmsis_os2.o(i.vApplicationGetIdleTaskMemory)
    vApplicationGetTimerTaskMemory           0x08002ff1   Thumb Code    18  cmsis_os2.o(i.vApplicationGetTimerTaskMemory)
    vListInitialise                          0x08003009   Thumb Code    22  list.o(i.vListInitialise)
    vListInitialiseItem                      0x0800301f   Thumb Code     6  list.o(i.vListInitialiseItem)
    vListInsert                              0x08003025   Thumb Code    48  list.o(i.vListInsert)
    vListInsertEnd                           0x08003055   Thumb Code    24  list.o(i.vListInsertEnd)
    vPortEnterCritical                       0x0800306d   Thumb Code    54  port.o(i.vPortEnterCritical)
    vPortExitCritical                        0x080030ad   Thumb Code    34  port.o(i.vPortExitCritical)
    vPortFree                                0x080030d5   Thumb Code    94  heap_4.o(i.vPortFree)
    vPortSetupTimerInterrupt                 0x08003139   Thumb Code    32  port.o(i.vPortSetupTimerInterrupt)
    vPortValidateInterruptPriority           0x0800315d   Thumb Code    74  port.o(i.vPortValidateInterruptPriority)
    vQueueAddToRegistry                      0x080031b1   Thumb Code    34  queue.o(i.vQueueAddToRegistry)
    vQueueWaitForMessageRestricted           0x080031d9   Thumb Code    68  queue.o(i.vQueueWaitForMessageRestricted)
    vTaskDelay                               0x0800321d   Thumb Code    66  tasks.o(i.vTaskDelay)
    vTaskInternalSetTimeOutState             0x08003269   Thumb Code    12  tasks.o(i.vTaskInternalSetTimeOutState)
    vTaskMissedYield                         0x08003279   Thumb Code     8  tasks.o(i.vTaskMissedYield)
    vTaskPlaceOnEventList                    0x08003285   Thumb Code    44  tasks.o(i.vTaskPlaceOnEventList)
    vTaskPlaceOnEventListRestricted          0x080032b5   Thumb Code    52  tasks.o(i.vTaskPlaceOnEventListRestricted)
    vTaskStartScheduler                      0x080032ed   Thumb Code   118  tasks.o(i.vTaskStartScheduler)
    vTaskSuspendAll                          0x08003375   Thumb Code    10  tasks.o(i.vTaskSuspendAll)
    vTaskSwitchContext                       0x08003385   Thumb Code    90  tasks.o(i.vTaskSwitchContext)
    xPortStartScheduler                      0x080033e9   Thumb Code   222  port.o(i.xPortStartScheduler)
    xPortSysTickHandler                      0x080034dd   Thumb Code    38  port.o(i.xPortSysTickHandler)
    xQueueGenericCreateStatic                0x08003509   Thumb Code   102  queue.o(i.xQueueGenericCreateStatic)
    xQueueGenericReset                       0x08003571   Thumb Code   132  queue.o(i.xQueueGenericReset)
    xQueueGenericSend                        0x080035f9   Thumb Code   346  queue.o(i.xQueueGenericSend)
    xQueueGenericSendFromISR                 0x08003759   Thumb Code   190  queue.o(i.xQueueGenericSendFromISR)
    xQueueReceive                            0x08003819   Thumb Code   308  queue.o(i.xQueueReceive)
    xTaskCheckForTimeOut                     0x08003951   Thumb Code   112  tasks.o(i.xTaskCheckForTimeOut)
    xTaskCreate                              0x080039c5   Thumb Code    90  tasks.o(i.xTaskCreate)
    xTaskCreateStatic                        0x08003a1f   Thumb Code    86  tasks.o(i.xTaskCreateStatic)
    xTaskGetSchedulerState                   0x08003a75   Thumb Code    22  tasks.o(i.xTaskGetSchedulerState)
    xTaskGetTickCount                        0x08003a91   Thumb Code     6  tasks.o(i.xTaskGetTickCount)
    xTaskIncrementTick                       0x08003a9d   Thumb Code   192  tasks.o(i.xTaskIncrementTick)
    xTaskPriorityDisinherit                  0x08003b65   Thumb Code   118  tasks.o(i.xTaskPriorityDisinherit)
    xTaskRemoveFromEventList                 0x08003be5   Thumb Code    98  tasks.o(i.xTaskRemoveFromEventList)
    xTaskResumeAll                           0x08003c55   Thumb Code   182  tasks.o(i.xTaskResumeAll)
    xTimerCreateTimerTask                    0x08003d19   Thumb Code    78  timers.o(i.xTimerCreateTimerTask)
    xTimerGenericCommand                     0x08003d79   Thumb Code    98  timers.o(i.xTimerGenericCommand)
    _get_lc_ctype                            0x08003de1   Thumb Code    44  lc_ctype_c.o(locale$$code)
    _fp_init                                 0x08003e0d   Thumb Code    10  fpinit.o(x$fpl$fpinit)
    __fplib_config_fpu_vfp                   0x08003e15   Thumb Code     0  fpinit.o(x$fpl$fpinit)
    __fplib_config_pureend_doubles           0x08003e15   Thumb Code     0  fpinit.o(x$fpl$fpinit)
    defaultTask_attributes                   0x08003e18   Data          36  main.o(.constdata)
    myTask02_attributes                      0x08003e3c   Data          36  main.o(.constdata)
    AHBPrescTable                            0x08003e60   Data          16  system_stm32f4xx.o(.constdata)
    APBPrescTable                            0x08003e70   Data           8  system_stm32f4xx.o(.constdata)
    Region$$Table$$Base                      0x08003e90   Number         0  anon$$obj.o(Region$$Table)
    Region$$Table$$Limit                     0x08003eb0   Number         0  anon$$obj.o(Region$$Table)
    __ctype                                  0x08003ebd   Data           0  lc_ctype_c.o(locale$$data)
    flag_data_ready                          0x20000000   Data           1  main.o(.data)
    rxByte                                   0x20000001   Data           1  main.o(.data)
    defaultTaskHandle                        0x20000004   Data           4  main.o(.data)
    myTask02Handle                           0x20000008   Data           4  main.o(.data)
    parameters                               0x2000000c   Data           4  main.o(.data)
    results                                  0x20000010   Data           4  main.o(.data)
    uwTickFreq                               0x20000014   Data           1  stm32f4xx_hal.o(.data)
    uwTickPrio                               0x20000018   Data           4  stm32f4xx_hal.o(.data)
    uwTick                                   0x2000001c   Data           4  stm32f4xx_hal.o(.data)
    SystemCoreClock                          0x20000020   Data           4  system_stm32f4xx.o(.data)
    pxCurrentTCB                             0x20000024   Data           4  tasks.o(.data)
    huart2                                   0x200000a4   Data          72  main.o(.bss)
    rxBuffer                                 0x200000ec   Data          64  main.o(.bss)
    rxData                                   0x2000012c   Data          64  main.o(.bss)
    txData                                   0x2000016c   Data          64  main.o(.bss)
    xQueueRegistry                           0x200001ac   Data          64  queue.o(.bss)
    _random_number_data                      0x20004a80   Data         228  rand.o(.bss)
    __libspace_start                         0x20004b64   Data          96  libspace.o(.bss)
    __temporary_stack_top$libspace           0x20004bc4   Data           0  libspace.o(.bss)



==============================================================================

Memory Map of the image

  Image Entry point : 0x080001c5

  Load Region LR_IROM1 (Base: 0x08000000, Size: 0x00004064, Max: 0x00080000, ABSOLUTE)

    Execution Region ER_IROM1 (Exec base: 0x08000000, Load base: 0x08000000, Size: 0x00003fc0, Max: 0x00080000, ABSOLUTE)

    Exec Addr    Load Addr    Size         Type   Attr      Idx    E Section Name        Object

    0x08000000   0x08000000   0x000001c4   Data   RO            3    RESET               startup_stm32f446xx.o
    0x080001c4   0x080001c4   0x00000008   Code   RO         3830  * !!!main             c_w.l(__main.o)
    0x080001cc   0x080001cc   0x00000034   Code   RO         4032    !!!scatter          c_w.l(__scatter.o)
    0x08000200   0x08000200   0x0000001a   Code   RO         4034    !!handler_copy      c_w.l(__scatter_copy.o)
    0x0800021a   0x0800021a   0x00000002   PAD
    0x0800021c   0x0800021c   0x0000001c   Code   RO         4036    !!handler_zi        c_w.l(__scatter_zi.o)
    0x08000238   0x08000238   0x00000000   Code   RO         3800    .ARM.Collect$$_printf_percent$$00000000  c_w.l(_printf_percent.o)
    0x08000238   0x08000238   0x00000006   Code   RO         3799    .ARM.Collect$$_printf_percent$$00000009  c_w.l(_printf_d.o)
    0x0800023e   0x0800023e   0x00000004   Code   RO         3843    .ARM.Collect$$_printf_percent$$00000017  c_w.l(_printf_percent_end.o)
    0x08000242   0x08000242   0x00000002   Code   RO         3945    .ARM.Collect$$libinit$$00000000  c_w.l(libinit.o)
    0x08000244   0x08000244   0x00000004   Code   RO         3854    .ARM.Collect$$libinit$$00000001  c_w.l(libinit2.o)
    0x08000248   0x08000248   0x00000000   Code   RO         3857    .ARM.Collect$$libinit$$00000004  c_w.l(libinit2.o)
    0x08000248   0x08000248   0x00000000   Code   RO         3860    .ARM.Collect$$libinit$$0000000A  c_w.l(libinit2.o)
    0x08000248   0x08000248   0x00000000   Code   RO         3862    .ARM.Collect$$libinit$$0000000C  c_w.l(libinit2.o)
    0x08000248   0x08000248   0x00000004   Code   RO         3863    .ARM.Collect$$libinit$$0000000D  c_w.l(libinit2.o)
    0x0800024c   0x0800024c   0x00000000   Code   RO         3864    .ARM.Collect$$libinit$$0000000E  c_w.l(libinit2.o)
    0x0800024c   0x0800024c   0x00000006   Code   RO         3865    .ARM.Collect$$libinit$$0000000F  c_w.l(libinit2.o)
    0x08000252   0x08000252   0x00000000   Code   RO         3867    .ARM.Collect$$libinit$$00000011  c_w.l(libinit2.o)
    0x08000252   0x08000252   0x0000000c   Code   RO         3868    .ARM.Collect$$libinit$$00000012  c_w.l(libinit2.o)
    0x0800025e   0x0800025e   0x00000000   Code   RO         3869    .ARM.Collect$$libinit$$00000013  c_w.l(libinit2.o)
    0x0800025e   0x0800025e   0x00000000   Code   RO         3871    .ARM.Collect$$libinit$$00000015  c_w.l(libinit2.o)
    0x0800025e   0x0800025e   0x00000000   Code   RO         3873    .ARM.Collect$$libinit$$00000017  c_w.l(libinit2.o)
    0x0800025e   0x0800025e   0x00000000   Code   RO         3875    .ARM.Collect$$libinit$$00000019  c_w.l(libinit2.o)
    0x0800025e   0x0800025e   0x00000000   Code   RO         3877    .ARM.Collect$$libinit$$0000001B  c_w.l(libinit2.o)
    0x0800025e   0x0800025e   0x00000000   Code   RO         3879    .ARM.Collect$$libinit$$0000001D  c_w.l(libinit2.o)
    0x0800025e   0x0800025e   0x00000000   Code   RO         3881    .ARM.Collect$$libinit$$0000001F  c_w.l(libinit2.o)
    0x0800025e   0x0800025e   0x00000000   Code   RO         3883    .ARM.Collect$$libinit$$00000021  c_w.l(libinit2.o)
    0x0800025e   0x0800025e   0x00000000   Code   RO         3885    .ARM.Collect$$libinit$$00000023  c_w.l(libinit2.o)
    0x0800025e   0x0800025e   0x00000000   Code   RO         3887    .ARM.Collect$$libinit$$00000025  c_w.l(libinit2.o)
    0x0800025e   0x0800025e   0x00000000   Code   RO         3891    .ARM.Collect$$libinit$$0000002C  c_w.l(libinit2.o)
    0x0800025e   0x0800025e   0x00000000   Code   RO         3893    .ARM.Collect$$libinit$$0000002E  c_w.l(libinit2.o)
    0x0800025e   0x0800025e   0x00000000   Code   RO         3895    .ARM.Collect$$libinit$$00000030  c_w.l(libinit2.o)
    0x0800025e   0x0800025e   0x00000000   Code   RO         3897    .ARM.Collect$$libinit$$00000032  c_w.l(libinit2.o)
    0x0800025e   0x0800025e   0x00000002   Code   RO         3898    .ARM.Collect$$libinit$$00000033  c_w.l(libinit2.o)
    0x08000260   0x08000260   0x00000002   Code   RO         3999    .ARM.Collect$$libshutdown$$00000000  c_w.l(libshutdown.o)
    0x08000262   0x08000262   0x00000000   Code   RO         4015    .ARM.Collect$$libshutdown$$00000002  c_w.l(libshutdown2.o)
    0x08000262   0x08000262   0x00000000   Code   RO         4017    .ARM.Collect$$libshutdown$$00000004  c_w.l(libshutdown2.o)
    0x08000262   0x08000262   0x00000000   Code   RO         4020    .ARM.Collect$$libshutdown$$00000007  c_w.l(libshutdown2.o)
    0x08000262   0x08000262   0x00000000   Code   RO         4023    .ARM.Collect$$libshutdown$$0000000A  c_w.l(libshutdown2.o)
    0x08000262   0x08000262   0x00000000   Code   RO         4025    .ARM.Collect$$libshutdown$$0000000C  c_w.l(libshutdown2.o)
    0x08000262   0x08000262   0x00000000   Code   RO         4028    .ARM.Collect$$libshutdown$$0000000F  c_w.l(libshutdown2.o)
    0x08000262   0x08000262   0x00000002   Code   RO         4029    .ARM.Collect$$libshutdown$$00000010  c_w.l(libshutdown2.o)
    0x08000264   0x08000264   0x00000000   Code   RO         3832    .ARM.Collect$$rtentry$$00000000  c_w.l(__rtentry.o)
    0x08000264   0x08000264   0x00000000   Code   RO         3900    .ARM.Collect$$rtentry$$00000002  c_w.l(__rtentry2.o)
    0x08000264   0x08000264   0x00000006   Code   RO         3912    .ARM.Collect$$rtentry$$00000004  c_w.l(__rtentry4.o)
    0x0800026a   0x0800026a   0x00000000   Code   RO         3902    .ARM.Collect$$rtentry$$00000009  c_w.l(__rtentry2.o)
    0x0800026a   0x0800026a   0x00000004   Code   RO         3903    .ARM.Collect$$rtentry$$0000000A  c_w.l(__rtentry2.o)
    0x0800026e   0x0800026e   0x00000000   Code   RO         3905    .ARM.Collect$$rtentry$$0000000C  c_w.l(__rtentry2.o)
    0x0800026e   0x0800026e   0x00000008   Code   RO         3906    .ARM.Collect$$rtentry$$0000000D  c_w.l(__rtentry2.o)
    0x08000276   0x08000276   0x00000002   Code   RO         3951    .ARM.Collect$$rtexit$$00000000  c_w.l(rtexit.o)
    0x08000278   0x08000278   0x00000000   Code   RO         3979    .ARM.Collect$$rtexit$$00000002  c_w.l(rtexit2.o)
    0x08000278   0x08000278   0x00000004   Code   RO         3980    .ARM.Collect$$rtexit$$00000003  c_w.l(rtexit2.o)
    0x0800027c   0x0800027c   0x00000006   Code   RO         3981    .ARM.Collect$$rtexit$$00000004  c_w.l(rtexit2.o)
    0x08000282   0x08000282   0x00000002   PAD
    0x08000284   0x08000284   0x000000be   Code   RO         3690    .emb_text           port.o
    0x08000342   0x08000342   0x00000002   PAD
    0x08000344   0x08000344   0x00000034   Code   RO         3805    .emb_text           c_w.l(rand.o)
    0x08000378   0x08000378   0x00000040   Code   RO            4    .text               startup_stm32f446xx.o
    0x080003b8   0x080003b8   0x000000ee   Code   RO         3769    .text               c_w.l(lludivv7m.o)
    0x080004a6   0x080004a6   0x00000002   PAD
    0x080004a8   0x080004a8   0x00000028   Code   RO         3773    .text               c_w.l(noretval__2sprintf.o)
    0x080004d0   0x080004d0   0x00000068   Code   RO         3775    .text               c_w.l(__printf.o)
    0x08000538   0x08000538   0x00000078   Code   RO         3777    .text               c_w.l(_printf_dec.o)
    0x080005b0   0x080005b0   0x0000003c   Code   RO         3801    .text               c_w.l(__0sscanf.o)
    0x080005ec   0x080005ec   0x0000014c   Code   RO         3803    .text               c_w.l(_scanf_int.o)
    0x08000738   0x08000738   0x0000003c   Code   RO         3806    .text               c_w.l(rand.o)
    0x08000774   0x08000774   0x00000014   Code   RO         3810    .text               c_w.l(strchr.o)
    0x08000788   0x08000788   0x00000024   Code   RO         3812    .text               c_w.l(strstr.o)
    0x080007ac   0x080007ac   0x00000048   Code   RO         3814    .text               c_w.l(strcpy.o)
    0x080007f4   0x080007f4   0x0000003e   Code   RO         3816    .text               c_w.l(strlen.o)
    0x08000832   0x08000832   0x00000018   Code   RO         3818    .text               c_w.l(strcat.o)
    0x0800084a   0x0800084a   0x0000008a   Code   RO         3820    .text               c_w.l(rt_memcpy_v6.o)
    0x080008d4   0x080008d4   0x00000010   Code   RO         3824    .text               c_w.l(aeabi_memset.o)
    0x080008e4   0x080008e4   0x0000004e   Code   RO         3826    .text               c_w.l(rt_memclr_w.o)
    0x08000932   0x08000932   0x00000006   Code   RO         3828    .text               c_w.l(heapauxi.o)
    0x08000938   0x08000938   0x000000b2   Code   RO         3837    .text               c_w.l(_printf_intcommon.o)
    0x080009ea   0x080009ea   0x00000002   PAD
    0x080009ec   0x080009ec   0x00000030   Code   RO         3839    .text               c_w.l(_printf_char_common.o)
    0x08000a1c   0x08000a1c   0x0000000a   Code   RO         3841    .text               c_w.l(_sputc.o)
    0x08000a26   0x08000a26   0x0000001c   Code   RO         3844    .text               c_w.l(_chval.o)
    0x08000a42   0x08000a42   0x00000002   PAD
    0x08000a44   0x08000a44   0x0000002c   Code   RO         3846    .text               c_w.l(scanf_char.o)
    0x08000a70   0x08000a70   0x00000040   Code   RO         3848    .text               c_w.l(_sgetc.o)
    0x08000ab0   0x08000ab0   0x00000064   Code   RO         3850    .text               c_w.l(rt_memcpy_w.o)
    0x08000b14   0x08000b14   0x00000044   Code   RO         3852    .text               c_w.l(rt_memclr.o)
    0x08000b58   0x08000b58   0x00000012   Code   RO         3916    .text               c_w.l(isspace.o)
    0x08000b6a   0x08000b6a   0x00000002   PAD
    0x08000b6c   0x08000b6c   0x00000374   Code   RO         3920    .text               c_w.l(_scanf.o)
    0x08000ee0   0x08000ee0   0x0000004a   Code   RO         3926    .text               c_w.l(sys_stackheap_outer.o)
    0x08000f2a   0x08000f2a   0x00000002   PAD
    0x08000f2c   0x08000f2c   0x00000010   Code   RO         3928    .text               c_w.l(rt_ctype_table.o)
    0x08000f3c   0x08000f3c   0x00000012   Code   RO         3930    .text               c_w.l(exit.o)
    0x08000f4e   0x08000f4e   0x00000002   PAD
    0x08000f50   0x08000f50   0x00000008   Code   RO         3948    .text               c_w.l(libspace.o)
    0x08000f58   0x08000f58   0x00000008   Code   RO         3958    .text               c_w.l(rt_locale_intlibspace.o)
    0x08000f60   0x08000f60   0x0000000c   Code   RO         3973    .text               c_w.l(sys_exit.o)
    0x08000f6c   0x08000f6c   0x00000002   Code   RO         3975    .text               c_w.l(use_no_semi.o)
    0x08000f6e   0x08000f6e   0x00000000   Code   RO         3977    .text               c_w.l(indicate_semi.o)
    0x08000f6e   0x08000f6e   0x00000002   PAD
    0x08000f70   0x08000f70   0x00000080   Code   RO         3991    .text               c_w.l(strcmpv7m.o)
    0x08000ff0   0x08000ff0   0x00000002   Code   RO          253    i.BusFault_Handler  stm32f4xx_it.o
    0x08000ff2   0x08000ff2   0x00000002   Code   RO          254    i.DebugMon_Handler  stm32f4xx_it.o
    0x08000ff4   0x08000ff4   0x00000008   Code   RO          255    i.EXTI15_10_IRQHandler  stm32f4xx_it.o
    0x08000ffc   0x08000ffc   0x00000092   Code   RO          911    i.HAL_DMA_Abort     stm32f4xx_hal_dma.o
    0x0800108e   0x0800108e   0x00000024   Code   RO          912    i.HAL_DMA_Abort_IT  stm32f4xx_hal_dma.o
    0x080010b2   0x080010b2   0x00000002   PAD
    0x080010b4   0x080010b4   0x00000024   Code   RO         1366    i.HAL_Delay         stm32f4xx_hal.o
    0x080010d8   0x080010d8   0x00000028   Code   RO           14    i.HAL_GPIO_EXTI_Callback  main.o
    0x08001100   0x08001100   0x00000018   Code   RO          803    i.HAL_GPIO_EXTI_IRQHandler  stm32f4xx_hal_gpio.o
    0x08001118   0x08001118   0x000001dc   Code   RO          804    i.HAL_GPIO_Init     stm32f4xx_hal_gpio.o
    0x080012f4   0x080012f4   0x00000010   Code   RO          807    i.HAL_GPIO_TogglePin  stm32f4xx_hal_gpio.o
    0x08001304   0x08001304   0x0000000a   Code   RO          808    i.HAL_GPIO_WritePin  stm32f4xx_hal_gpio.o
    0x0800130e   0x0800130e   0x00000002   PAD
    0x08001310   0x08001310   0x0000000c   Code   RO         1372    i.HAL_GetTick       stm32f4xx_hal.o
    0x0800131c   0x0800131c   0x00000010   Code   RO         1378    i.HAL_IncTick       stm32f4xx_hal.o
    0x0800132c   0x0800132c   0x00000034   Code   RO         1379    i.HAL_Init          stm32f4xx_hal.o
    0x08001360   0x08001360   0x00000040   Code   RO         1380    i.HAL_InitTick      stm32f4xx_hal.o
    0x080013a0   0x080013a0   0x00000038   Code   RO          329    i.HAL_MspInit       stm32f4xx_hal_msp.o
    0x080013d8   0x080013d8   0x0000001a   Code   RO         1214    i.HAL_NVIC_EnableIRQ  stm32f4xx_hal_cortex.o
    0x080013f2   0x080013f2   0x00000002   PAD
    0x080013f4   0x080013f4   0x00000040   Code   RO         1220    i.HAL_NVIC_SetPriority  stm32f4xx_hal_cortex.o
    0x08001434   0x08001434   0x00000024   Code   RO         1221    i.HAL_NVIC_SetPriorityGrouping  stm32f4xx_hal_cortex.o
    0x08001458   0x08001458   0x00000134   Code   RO          366    i.HAL_RCC_ClockConfig  stm32f4xx_hal_rcc.o
    0x0800158c   0x0800158c   0x00000020   Code   RO          373    i.HAL_RCC_GetPCLK1Freq  stm32f4xx_hal_rcc.o
    0x080015ac   0x080015ac   0x00000020   Code   RO          374    i.HAL_RCC_GetPCLK2Freq  stm32f4xx_hal_rcc.o
    0x080015cc   0x080015cc   0x00000098   Code   RO          477    i.HAL_RCC_GetSysClockFreq  stm32f4xx_hal_rcc_ex.o
    0x08001664   0x08001664   0x00000398   Code   RO          478    i.HAL_RCC_OscConfig  stm32f4xx_hal_rcc_ex.o
    0x080019fc   0x080019fc   0x00000028   Code   RO         1225    i.HAL_SYSTICK_Config  stm32f4xx_hal_cortex.o
    0x08001a24   0x08001a24   0x00000002   Code   RO         1629    i.HAL_UARTEx_RxEventCallback  stm32f4xx_hal_uart.o
    0x08001a26   0x08001a26   0x00000002   Code   RO         1643    i.HAL_UART_ErrorCallback  stm32f4xx_hal_uart.o
    0x08001a28   0x08001a28   0x00000280   Code   RO         1646    i.HAL_UART_IRQHandler  stm32f4xx_hal_uart.o
    0x08001ca8   0x08001ca8   0x00000064   Code   RO         1647    i.HAL_UART_Init     stm32f4xx_hal_uart.o
    0x08001d0c   0x08001d0c   0x00000078   Code   RO          331    i.HAL_UART_MspInit  stm32f4xx_hal_msp.o
    0x08001d84   0x08001d84   0x0000001c   Code   RO         1652    i.HAL_UART_Receive_IT  stm32f4xx_hal_uart.o
    0x08001da0   0x08001da0   0x0000005c   Code   RO           15    i.HAL_UART_RxCpltCallback  main.o
    0x08001dfc   0x08001dfc   0x000000a0   Code   RO         1655    i.HAL_UART_Transmit  stm32f4xx_hal_uart.o
    0x08001e9c   0x08001e9c   0x00000002   Code   RO         1658    i.HAL_UART_TxCpltCallback  stm32f4xx_hal_uart.o
    0x08001e9e   0x08001e9e   0x00000002   Code   RO          256    i.HardFault_Handler  stm32f4xx_it.o
    0x08001ea0   0x08001ea0   0x00000098   Code   RO           16    i.MX_GPIO_Init      main.o
    0x08001f38   0x08001f38   0x00000002   Code   RO          257    i.MemManage_Handler  stm32f4xx_it.o
    0x08001f3a   0x08001f3a   0x00000002   Code   RO          258    i.NMI_Handler       stm32f4xx_it.o
    0x08001f3c   0x08001f3c   0x00000074   Code   RO           17    i.StartDefaultTask  main.o
    0x08001fb0   0x08001fb0   0x000001a8   Code   RO           18    i.StartTask02       main.o
    0x08002158   0x08002158   0x00000018   Code   RO          259    i.SysTick_Handler   stm32f4xx_it.o
    0x08002170   0x08002170   0x00000094   Code   RO           19    i.SystemClock_Config  main.o
    0x08002204   0x08002204   0x00000010   Code   RO         1981    i.SystemInit        system_stm32f4xx.o
    0x08002214   0x08002214   0x0000000e   Code   RO         1660    i.UART_DMAAbortOnError  stm32f4xx_hal_uart.o
    0x08002222   0x08002222   0x0000004e   Code   RO         1670    i.UART_EndRxTransfer  stm32f4xx_hal_uart.o
    0x08002270   0x08002270   0x000000c2   Code   RO         1672    i.UART_Receive_IT   stm32f4xx_hal_uart.o
    0x08002332   0x08002332   0x00000002   PAD
    0x08002334   0x08002334   0x0000010c   Code   RO         1673    i.UART_SetConfig    stm32f4xx_hal_uart.o
    0x08002440   0x08002440   0x00000036   Code   RO         1675    i.UART_Start_Receive_IT  stm32f4xx_hal_uart.o
    0x08002476   0x08002476   0x00000072   Code   RO         1676    i.UART_WaitOnFlagUntilTimeout  stm32f4xx_hal_uart.o
    0x080024e8   0x080024e8   0x0000000c   Code   RO          260    i.USART2_IRQHandler  stm32f4xx_it.o
    0x080024f4   0x080024f4   0x00000002   Code   RO          261    i.UsageFault_Handler  stm32f4xx_it.o
    0x080024f6   0x080024f6   0x00000020   Code   RO         1227    i.__NVIC_SetPriority  stm32f4xx_hal_cortex.o
    0x08002516   0x08002516   0x00000002   PAD
    0x08002518   0x08002518   0x00000048   Code   RO           20    i.f                 main.o
    0x08002560   0x08002560   0x00000038   Code   RO           21    i.get_data          main.o
    0x08002598   0x08002598   0x0000007c   Code   RO           22    i.main              main.o
    0x08002614   0x08002614   0x0000001a   Code   RO         3129    i.osDelay           cmsis_os2.o
    0x0800262e   0x0800262e   0x00000002   PAD
    0x08002630   0x08002630   0x00000024   Code   RO         3143    i.osKernelInitialize  cmsis_os2.o
    0x08002654   0x08002654   0x00000038   Code   RO         3146    i.osKernelStart     cmsis_os2.o
    0x0800268c   0x0800268c   0x0000008a   Code   RO         3188    i.osThreadNew       cmsis_os2.o
    0x08002716   0x08002716   0x00000002   PAD
    0x08002718   0x08002718   0x0000005c   Code   RO         2589    i.prvAddCurrentTaskToDelayedList  tasks.o
    0x08002774   0x08002774   0x000000d0   Code   RO         2590    i.prvAddNewTaskToReadyList  tasks.o
    0x08002844   0x08002844   0x00000058   Code   RO         2954    i.prvCheckForValidListAndQueue  timers.o
    0x0800289c   0x0800289c   0x00000026   Code   RO         2186    i.prvCopyDataFromQueue  queue.o
    0x080028c2   0x080028c2   0x0000006c   Code   RO         2187    i.prvCopyDataToQueue  queue.o
    0x0800292e   0x0800292e   0x00000034   Code   RO         2591    i.prvDeleteTCB      tasks.o
    0x08002962   0x08002962   0x00000002   PAD
    0x08002964   0x08002964   0x0000004c   Code   RO         3635    i.prvHeapInit       heap_4.o
    0x080029b0   0x080029b0   0x00000060   Code   RO         2592    i.prvIdleTask       tasks.o
    0x08002a10   0x08002a10   0x00000022   Code   RO         2189    i.prvInitialiseNewQueue  queue.o
    0x08002a32   0x08002a32   0x00000002   PAD
    0x08002a34   0x08002a34   0x000000b0   Code   RO         2593    i.prvInitialiseNewTask  tasks.o
    0x08002ae4   0x08002ae4   0x0000004c   Code   RO         3636    i.prvInsertBlockIntoFreeList  heap_4.o
    0x08002b30   0x08002b30   0x00000038   Code   RO         2956    i.prvInsertTimerInActiveList  timers.o
    0x08002b68   0x08002b68   0x0000001c   Code   RO         2190    i.prvIsQueueEmpty   queue.o
    0x08002b84   0x08002b84   0x000000fc   Code   RO         2957    i.prvProcessReceivedCommands  timers.o
    0x08002c80   0x08002c80   0x000000c0   Code   RO         2958    i.prvProcessTimerOrBlockTask  timers.o
    0x08002d40   0x08002d40   0x00000020   Code   RO         2595    i.prvResetNextTaskUnblockTime  tasks.o
    0x08002d60   0x08002d60   0x00000028   Code   RO         2959    i.prvSampleTimeNow  timers.o
    0x08002d88   0x08002d88   0x0000006c   Code   RO         2960    i.prvSwitchTimerLists  timers.o
    0x08002df4   0x08002df4   0x00000028   Code   RO         3691    i.prvTaskExitError  port.o
    0x08002e1c   0x08002e1c   0x00000024   Code   RO         2961    i.prvTimerTask      timers.o
    0x08002e40   0x08002e40   0x0000006a   Code   RO         2191    i.prvUnlockQueue    queue.o
    0x08002eaa   0x08002eaa   0x00000002   PAD
    0x08002eac   0x08002eac   0x000000dc   Code   RO         3637    i.pvPortMalloc      heap_4.o
    0x08002f88   0x08002f88   0x0000002c   Code   RO         3692    i.pxPortInitialiseStack  port.o
    0x08002fb4   0x08002fb4   0x00000026   Code   RO         2146    i.uxListRemove      list.o
    0x08002fda   0x08002fda   0x00000002   PAD
    0x08002fdc   0x08002fdc   0x00000014   Code   RO         3200    i.vApplicationGetIdleTaskMemory  cmsis_os2.o
    0x08002ff0   0x08002ff0   0x00000018   Code   RO         3201    i.vApplicationGetTimerTaskMemory  cmsis_os2.o
    0x08003008   0x08003008   0x00000016   Code   RO         2147    i.vListInitialise   list.o
    0x0800301e   0x0800301e   0x00000006   Code   RO         2148    i.vListInitialiseItem  list.o
    0x08003024   0x08003024   0x00000030   Code   RO         2149    i.vListInsert       list.o
    0x08003054   0x08003054   0x00000018   Code   RO         2150    i.vListInsertEnd    list.o
    0x0800306c   0x0800306c   0x00000040   Code   RO         3694    i.vPortEnterCritical  port.o
    0x080030ac   0x080030ac   0x00000028   Code   RO         3695    i.vPortExitCritical  port.o
    0x080030d4   0x080030d4   0x00000064   Code   RO         3638    i.vPortFree         heap_4.o
    0x08003138   0x08003138   0x00000024   Code   RO         3696    i.vPortSetupTimerInterrupt  port.o
    0x0800315c   0x0800315c   0x00000054   Code   RO         3697    i.vPortValidateInterruptPriority  port.o
    0x080031b0   0x080031b0   0x00000028   Code   RO         2197    i.vQueueAddToRegistry  queue.o
    0x080031d8   0x080031d8   0x00000044   Code   RO         2201    i.vQueueWaitForMessageRestricted  queue.o
    0x0800321c   0x0800321c   0x0000004c   Code   RO         2608    i.vTaskDelay        tasks.o
    0x08003268   0x08003268   0x00000010   Code   RO         2613    i.vTaskInternalSetTimeOutState  tasks.o
    0x08003278   0x08003278   0x0000000c   Code   RO         2614    i.vTaskMissedYield  tasks.o
    0x08003284   0x08003284   0x00000030   Code   RO         2616    i.vTaskPlaceOnEventList  tasks.o
    0x080032b4   0x080032b4   0x00000038   Code   RO         2617    i.vTaskPlaceOnEventListRestricted  tasks.o
    0x080032ec   0x080032ec   0x00000088   Code   RO         2625    i.vTaskStartScheduler  tasks.o
    0x08003374   0x08003374   0x00000010   Code   RO         2627    i.vTaskSuspendAll   tasks.o
    0x08003384   0x08003384   0x00000064   Code   RO         2628    i.vTaskSwitchContext  tasks.o
    0x080033e8   0x080033e8   0x000000f4   Code   RO         3698    i.xPortStartScheduler  port.o
    0x080034dc   0x080034dc   0x0000002c   Code   RO         3699    i.xPortSysTickHandler  port.o
    0x08003508   0x08003508   0x00000066   Code   RO         2207    i.xQueueGenericCreateStatic  queue.o
    0x0800356e   0x0800356e   0x00000002   PAD
    0x08003570   0x08003570   0x00000088   Code   RO         2208    i.xQueueGenericReset  queue.o
    0x080035f8   0x080035f8   0x00000160   Code   RO         2209    i.xQueueGenericSend  queue.o
    0x08003758   0x08003758   0x000000be   Code   RO         2210    i.xQueueGenericSendFromISR  queue.o
    0x08003816   0x08003816   0x00000002   PAD
    0x08003818   0x08003818   0x00000138   Code   RO         2219    i.xQueueReceive     queue.o
    0x08003950   0x08003950   0x00000074   Code   RO         2630    i.xTaskCheckForTimeOut  tasks.o
    0x080039c4   0x080039c4   0x0000005a   Code   RO         2631    i.xTaskCreate       tasks.o
    0x08003a1e   0x08003a1e   0x00000056   Code   RO         2632    i.xTaskCreateStatic  tasks.o
    0x08003a74   0x08003a74   0x0000001c   Code   RO         2636    i.xTaskGetSchedulerState  tasks.o
    0x08003a90   0x08003a90   0x0000000c   Code   RO         2637    i.xTaskGetTickCount  tasks.o
    0x08003a9c   0x08003a9c   0x000000c8   Code   RO         2639    i.xTaskIncrementTick  tasks.o
    0x08003b64   0x08003b64   0x00000080   Code   RO         2642    i.xTaskPriorityDisinherit  tasks.o
    0x08003be4   0x08003be4   0x00000070   Code   RO         2644    i.xTaskRemoveFromEventList  tasks.o
    0x08003c54   0x08003c54   0x000000c4   Code   RO         2645    i.xTaskResumeAll    tasks.o
    0x08003d18   0x08003d18   0x00000060   Code   RO         2970    i.xTimerCreateTimerTask  timers.o
    0x08003d78   0x08003d78   0x00000068   Code   RO         2971    i.xTimerGenericCommand  timers.o
    0x08003de0   0x08003de0   0x0000002c   Code   RO         3963    locale$$code        c_w.l(lc_ctype_c.o)
    0x08003e0c   0x08003e0c   0x0000000a   Code   RO         3924    x$fpl$fpinit        fz_wm.l(fpinit.o)
    0x08003e16   0x08003e16   0x00000002   PAD
    0x08003e18   0x08003e18   0x00000048   Data   RO           24    .constdata          main.o
    0x08003e60   0x08003e60   0x00000010   Data   RO         1982    .constdata          system_stm32f4xx.o
    0x08003e70   0x08003e70   0x00000008   Data   RO         1983    .constdata          system_stm32f4xx.o
    0x08003e78   0x08003e78   0x00000018   Data   RO           25    .conststring        main.o
    0x08003e90   0x08003e90   0x00000020   Data   RO         4030    Region$$Table       anon$$obj.o
    0x08003eb0   0x08003eb0   0x00000110   Data   RO         3962    locale$$data        c_w.l(lc_ctype_c.o)


    Execution Region RW_IRAM1 (Exec base: 0x20000000, Load base: 0x08003fc0, Size: 0x000051c8, Max: 0x00020000, ABSOLUTE)

    Exec Addr    Load Addr    Size         Type   Attr      Idx    E Section Name        Object

    0x20000000   0x08003fc0   0x00000014   Data   RW           26    .data               main.o
    0x20000014   0x08003fd4   0x0000000c   Data   RW         1386    .data               stm32f4xx_hal.o
    0x20000020   0x08003fe0   0x00000004   Data   RW         1984    .data               system_stm32f4xx.o
    0x20000024   0x08003fe4   0x0000003c   Data   RW         2648    .data               tasks.o
    0x20000060   0x08004020   0x00000014   Data   RW         2979    .data               timers.o
    0x20000074   0x08004034   0x00000004   Data   RW         3203    .data               cmsis_os2.o
    0x20000078   0x08004038   0x00000020   Data   RW         3644    .data               heap_4.o
    0x20000098   0x08004058   0x0000000c   Data   RW         3700    .data               port.o
    0x200000a4        -       0x00000108   Zero   RW           23    .bss                main.o
    0x200001ac        -       0x00000040   Zero   RW         2223    .bss                queue.o
    0x200001ec        -       0x000004c4   Zero   RW         2647    .bss                tasks.o
    0x200006b0        -       0x00000118   Zero   RW         2978    .bss                timers.o
    0x200007c8        -       0x000006b8   Zero   RW         3202    .bss                cmsis_os2.o
    0x20000e80        -       0x00003c00   Zero   RW         3643    .bss                heap_4.o
    0x20004a80        -       0x000000e4   Zero   RW         3807    .bss                c_w.l(rand.o)
    0x20004b64        -       0x00000060   Zero   RW         3949    .bss                c_w.l(libspace.o)
    0x20004bc4   0x08004064   0x00000004   PAD
    0x20004bc8        -       0x00000200   Zero   RW            2    HEAP                startup_stm32f446xx.o
    0x20004dc8        -       0x00000400   Zero   RW            1    STACK               startup_stm32f446xx.o


==============================================================================

Image component sizes


      Code (inc. data)   RO Data    RW Data    ZI Data      Debug   Object Name

       300         22          0          4       1720      64885   cmsis_os2.o
         0          0          0          0          0      19564   event_groups.o
       472         24          0         32      15360       5003   heap_4.o
       138          0          0          0          0       3678   list.o
      1224        366         96         20        264     726872   main.o
       786         82          0         12          0      11777   port.o
      1514         20          0          0         64      17764   queue.o
        64         26        452          0       1536        868   startup_stm32f446xx.o
       180         28          0         12          0       9453   stm32f4xx_hal.o
       198         14          0          0          0      33951   stm32f4xx_hal_cortex.o
       182          0          0          0          0       2171   stm32f4xx_hal_dma.o
       526         46          0          0          0       3576   stm32f4xx_hal_gpio.o
       176         16          0          0          0       1669   stm32f4xx_hal_msp.o
       372         44          0          0          0       3002   stm32f4xx_hal_rcc.o
      1072         32          0          0          0       2882   stm32f4xx_hal_rcc_ex.o
      1656         14          0          0          0      11760   stm32f4xx_hal_uart.o
        56          6          0          0          0       4466   stm32f4xx_it.o
         0          0          0          0          0        392   stream_buffer.o
        16          4         24          4          0       1199   system_stm32f4xx.o
      2084        168          0         60       1220      27500   tasks.o
       972         80          0         20        280      32519   timers.o

    ----------------------------------------------------------------------
     12016        992        604        164      20444     984951   Object Totals
         0          0         32          0          0          0   (incl. Generated)
        28          0          0          0          0          0   (incl. Padding)

    ----------------------------------------------------------------------

      Code (inc. data)   RO Data    RW Data    ZI Data      Debug   Library Member Name

        60          8          0          0          0         84   __0sscanf.o
         8          0          0          0          0         68   __main.o
       104          0          0          0          0         84   __printf.o
         0          0          0          0          0          0   __rtentry.o
        12          0          0          0          0          0   __rtentry2.o
         6          0          0          0          0          0   __rtentry4.o
        52          8          0          0          0          0   __scatter.o
        26          0          0          0          0          0   __scatter_copy.o
        28          0          0          0          0          0   __scatter_zi.o
        28          0          0          0          0         68   _chval.o
        48          6          0          0          0         96   _printf_char_common.o
         6          0          0          0          0          0   _printf_d.o
       120         16          0          0          0         92   _printf_dec.o
       178          0          0          0          0         88   _printf_intcommon.o
         0          0          0          0          0          0   _printf_percent.o
         4          0          0          0          0          0   _printf_percent_end.o
       884          6          0          0          0        100   _scanf.o
       332          0          0          0          0         96   _scanf_int.o
        64          0          0          0          0         84   _sgetc.o
        10          0          0          0          0         68   _sputc.o
        16          0          0          0          0         68   aeabi_memset.o
        18          0          0          0          0         80   exit.o
         6          0          0          0          0        152   heapauxi.o
         0          0          0          0          0          0   indicate_semi.o
        18          0          0          0          0         76   isspace.o
        44         10        272          0          0         76   lc_ctype_c.o
         2          0          0          0          0          0   libinit.o
        28          0          0          0          0          0   libinit2.o
         2          0          0          0          0          0   libshutdown.o
         2          0          0          0          0          0   libshutdown2.o
         8          4          0          0         96         68   libspace.o
       238          0          0          0          0        100   lludivv7m.o
        40          6          0          0          0         84   noretval__2sprintf.o
       112         18          0          0        228        160   rand.o
        16          4          0          0          0         76   rt_ctype_table.o
         8          4          0          0          0         68   rt_locale_intlibspace.o
        68          0          0          0          0         68   rt_memclr.o
        78          0          0          0          0         80   rt_memclr_w.o
       138          0          0          0          0         68   rt_memcpy_v6.o
       100          0          0          0          0         80   rt_memcpy_w.o
         2          0          0          0          0          0   rtexit.o
        10          0          0          0          0          0   rtexit2.o
        44          8          0          0          0         84   scanf_char.o
        24          0          0          0          0         68   strcat.o
        20          0          0          0          0         68   strchr.o
       128          0          0          0          0         68   strcmpv7m.o
        72          0          0          0          0         80   strcpy.o
        62          0          0          0          0         76   strlen.o
        36          0          0          0          0         80   strstr.o
        12          4          0          0          0         68   sys_exit.o
        74          0          0          0          0         80   sys_stackheap_outer.o
         2          0          0          0          0         68   use_no_semi.o
        10          0          0          0          0        116   fpinit.o

    ----------------------------------------------------------------------
      3428        102        272          0        328       3088   Library Totals
        20          0          0          0          4          0   (incl. Padding)

    ----------------------------------------------------------------------

      Code (inc. data)   RO Data    RW Data    ZI Data      Debug   Library Name

      3398        102        272          0        324       2972   c_w.l
        10          0          0          0          0        116   fz_wm.l

    ----------------------------------------------------------------------
      3428        102        272          0        328       3088   Library Totals

    ----------------------------------------------------------------------

==============================================================================


      Code (inc. data)   RO Data    RW Data    ZI Data      Debug   

     15444       1094        876        164      20772     974723   Grand Totals
     15444       1094        876        164      20772     974723   ELF Image Totals
     15444       1094        876        164          0          0   ROM Totals

==============================================================================

    Total RO  Size (Code + RO Data)                16320 (  15.94kB)
    Total RW  Size (RW Data + ZI Data)             20936 (  20.45kB)
    Total ROM Size (Code + RO Data + RW Data)      16484 (  16.10kB)

==============================================================================

